INFO: seeding the RNG with 1768195398
INFO: Initializing backend 
INFO: Simulation type: FFS_MD
INFO: The generator will try to take into account bonded interactions by choosing distances between bonded neighbours no larger than 2.000000
INFO: Using 'oxDNA2_sequence_dependent_parameters.txt' as the input for sequence-dependent values
INFO: Converting temperature from Celsius (70.000000 C°) to simulation units (0.114383)
INFO: Running Debye-Huckel at salt concentration =  1
INFO: Using different widths for major and minor grooves
INFO: Temperature change detected (new temperature: 70.00 C, 343.15 K), re-initialising the DNA interaction
DEBUG: Debye-Huckel parameters: Q=0.054300, lambda_0=0.361646, lambda=0.386780, r_high=1.160341, cutoff=2.703309
DEBUG: Debye-Huckel parameters: debye_huckel_RC=1.740512e+00, debye_huckel_B=6.921804e-03
INFO: The Debye length at this temperature and salt concentration is 0.386780
INFO: pid: 22336
DEBUG: Debye-Huckel parameters: Q=0.054300, lambda_0=0.361646, lambda=0.386780, r_high=1.160341, cutoff=2.703309
DEBUG: Debye-Huckel parameters: debye_huckel_RC=1.740512e+00, debye_huckel_B=6.921804e-03
INFO: The Debye length at this temperature and salt concentration is 0.386780
INFO: (Cells.cpp) N_cells_side: 4, 4, 4; rcut=2.80331, IS_MC: 0
INFO: N: 16, N molecules: 2
INFO: Parsing order parameter file op.txt
INFO: Order parameter type bond found, processing
INFO: --> Adding HB pair (0, 15) to order parameter `native'
INFO: --> Adding HB pair (1, 14) to order parameter `native'
INFO: --> Adding HB pair (2, 13) to order parameter `native'
INFO: --> Adding HB pair (3, 12) to order parameter `native'
INFO: --> Adding HB pair (4, 11) to order parameter `native'
INFO: --> Adding HB pair (5, 10) to order parameter `native'
INFO: --> Adding HB pair (6, 9) to order parameter `native'
INFO: --> Adding HB pair (7, 8) to order parameter `native'
INFO: Order parameter type mindistance found, processing
INFO: --> Adding HB pair (0, 15) to order parameter `distance'
INFO: --> Adding HB pair (1, 14) to order parameter `distance'
INFO: --> Adding HB pair (2, 13) to order parameter `distance'
INFO: --> Adding HB pair (3, 12) to order parameter `distance'
INFO: --> Adding HB pair (4, 11) to order parameter `distance'
INFO: --> Adding HB pair (5, 10) to order parameter `distance'
INFO: --> Adding HB pair (6, 9) to order parameter `distance'
INFO: --> Adding HB pair (7, 8) to order parameter `distance'
INFO:  File op.txt parsed; found 1 hb_dim, 1 dist_dim
INFO: Setting initial value for the order parameter...
INFO: diffusion fixed.. -16.7973 -16.7973
INFO: diffusion fixed.. -15.871 -15.871
INFO: diffusion fixed.. -16.997 -16.997
INFO: diffusion fixed.. -17.9276 -17.9276
INFO: diffusion fixed.. -17.1673 -17.1673
INFO: Reached condition1
INFO: Reached stop conditions, stopping in step 719561
INFO: FFS final values: native: 8; distance:  0.344530005; 

INFO: Total Running Time: 15.1922 s, per step: 0.0289572 ms
INFO: Timings, in seconds, by Timer (total, own, spent in children)
> SimBackend                         15.192 (100.0%)        1.035 (  6.8%)       14.157 ( 93.2%)
***> Lists                            0.257 (  1.7%)        0.257 (  1.7%)        0.000 (  0.0%)
***> Thermostat                       0.169 (  1.1%)        0.169 (  1.1%)        0.000 (  0.0%)
***> Forces                          12.694 ( 83.6%)       12.694 ( 83.6%)        0.000 (  0.0%)
***> First Step                       0.696 (  4.6%)        0.696 (  4.6%)        0.000 (  0.0%)
***> Observables                      0.340 (  2.2%)        0.340 (  2.2%)        0.000 (  0.0%)

INFO: Lists updated 29777 times (every ~17.619102 steps)
INFO: Aggregated I/O statistics (set debug=1 for file-wise information)
	  4.707 KB written to files
	  0.000  B written to stdout/stderr
	For a total of 0.000303 MB/s


Please cite at least the following publication for any work that uses the oxDNA simulation package
  * E. Poppleton et al., J. Open Source Softw. 8, 4693 (2023), DOI: 10.21105/joss.04693
