INFO: seeding the RNG with 1768195414
INFO: Initializing backend 
INFO: Simulation type: FFS_MD
INFO: The generator will try to take into account bonded interactions by choosing distances between bonded neighbours no larger than 2.000000
INFO: Using 'oxDNA2_sequence_dependent_parameters.txt' as the input for sequence-dependent values
INFO: Converting temperature from Celsius (70.000000 C°) to simulation units (0.114383)
INFO: Running Debye-Huckel at salt concentration =  1
INFO: Using different widths for major and minor grooves
INFO: Temperature change detected (new temperature: 70.00 C, 343.15 K), re-initialising the DNA interaction
DEBUG: Debye-Huckel parameters: Q=0.054300, lambda_0=0.361646, lambda=0.386780, r_high=1.160341, cutoff=2.703309
DEBUG: Debye-Huckel parameters: debye_huckel_RC=1.740512e+00, debye_huckel_B=6.921804e-03
INFO: The Debye length at this temperature and salt concentration is 0.386780
INFO: pid: 22330
DEBUG: Debye-Huckel parameters: Q=0.054300, lambda_0=0.361646, lambda=0.386780, r_high=1.160341, cutoff=2.703309
DEBUG: Debye-Huckel parameters: debye_huckel_RC=1.740512e+00, debye_huckel_B=6.921804e-03
INFO: The Debye length at this temperature and salt concentration is 0.386780
INFO: (Cells.cpp) N_cells_side: 4, 4, 4; rcut=2.80331, IS_MC: 0
INFO: N: 16, N molecules: 2
INFO: Parsing order parameter file op.txt
INFO: Order parameter type bond found, processing
INFO: --> Adding HB pair (0, 15) to order parameter `native'
INFO: --> Adding HB pair (1, 14) to order parameter `native'
INFO: --> Adding HB pair (2, 13) to order parameter `native'
INFO: --> Adding HB pair (3, 12) to order parameter `native'
INFO: --> Adding HB pair (4, 11) to order parameter `native'
INFO: --> Adding HB pair (5, 10) to order parameter `native'
INFO: --> Adding HB pair (6, 9) to order parameter `native'
INFO: --> Adding HB pair (7, 8) to order parameter `native'
INFO: Order parameter type mindistance found, processing
INFO: --> Adding HB pair (0, 15) to order parameter `distance'
INFO: --> Adding HB pair (1, 14) to order parameter `distance'
INFO: --> Adding HB pair (2, 13) to order parameter `distance'
INFO: --> Adding HB pair (3, 12) to order parameter `distance'
INFO: --> Adding HB pair (4, 11) to order parameter `distance'
INFO: --> Adding HB pair (5, 10) to order parameter `distance'
INFO: --> Adding HB pair (6, 9) to order parameter `distance'
INFO: --> Adding HB pair (7, 8) to order parameter `distance'
INFO:  File op.txt parsed; found 1 hb_dim, 1 dist_dim
INFO: Setting initial value for the order parameter...
INFO: diffusion fixed.. -13.2008 -13.2008
INFO: diffusion fixed.. -16.7365 -16.7365
INFO: diffusion fixed.. -15.5943 -15.5943
INFO: diffusion fixed.. -13.9889 -13.9889
INFO: diffusion fixed.. -17.1886 -17.1886
INFO: diffusion fixed.. -14.348 -14.348
INFO: diffusion fixed.. -13.8183 -13.8183
INFO: diffusion fixed.. -13.8319 -13.8319
INFO: diffusion fixed.. -12.4731 -12.4731
INFO: diffusion fixed.. -16.5866 -16.5866
INFO: diffusion fixed.. -16.5717 -16.5717
INFO: diffusion fixed.. -11.2993 -11.2993
INFO: diffusion fixed.. -12.0866 -12.0866
INFO: diffusion fixed.. -14.7152 -14.7152
INFO: diffusion fixed.. -15.7435 -15.7435
INFO: diffusion fixed.. -13.6049 -13.6049
INFO: diffusion fixed.. -12.6805 -12.6805
INFO: diffusion fixed.. -13.7342 -13.7342
INFO: diffusion fixed.. -10.7459 -10.7459
INFO: diffusion fixed.. -10.5686 -10.5686
INFO: diffusion fixed.. -12.2788 -12.2788
INFO: diffusion fixed.. -12.9789 -12.9789
INFO: diffusion fixed.. -15.1112 -15.1112
INFO: diffusion fixed.. -18.0201 -18.0201
INFO: diffusion fixed.. -17.6187 -17.6187
INFO: diffusion fixed.. -21.5152 -21.5152
INFO: Reached condition1
INFO: Reached stop conditions, stopping in step 2794964
INFO: FFS final values: native: 8; distance:  0.414164077; 

INFO: Total Running Time: 75.4195 s, per step: 0.029007 ms
INFO: Timings, in seconds, by Timer (total, own, spent in children)
> SimBackend                         75.420 (100.0%)        5.452 (  7.2%)       69.968 ( 92.8%)
***> Lists                            1.366 (  1.8%)        1.366 (  1.8%)        0.000 (  0.0%)
***> Thermostat                       0.894 (  1.2%)        0.894 (  1.2%)        0.000 (  0.0%)
***> Forces                          62.283 ( 82.6%)       62.283 ( 82.6%)        0.000 (  0.0%)
***> First Step                       3.623 (  4.8%)        3.623 (  4.8%)        0.000 (  0.0%)
***> Observables                      1.802 (  2.4%)        1.802 (  2.4%)        0.000 (  0.0%)

INFO: Lists updated 146370 times (every ~17.763524 steps)
INFO: Aggregated I/O statistics (set debug=1 for file-wise information)
	 23.328 KB written to files
	  0.000  B written to stdout/stderr
	For a total of 0.000302 MB/s


Please cite at least the following publication for any work that uses the oxDNA simulation package
  * E. Poppleton et al., J. Open Source Softw. 8, 4693 (2023), DOI: 10.21105/joss.04693
