INFO: seeding the RNG with 1768195401
INFO: Initializing backend 
INFO: Simulation type: FFS_MD
INFO: The generator will try to take into account bonded interactions by choosing distances between bonded neighbours no larger than 2.000000
INFO: Using 'oxDNA2_sequence_dependent_parameters.txt' as the input for sequence-dependent values
INFO: Converting temperature from Celsius (70.000000 C°) to simulation units (0.114383)
INFO: Running Debye-Huckel at salt concentration =  1
INFO: Using different widths for major and minor grooves
INFO: Temperature change detected (new temperature: 70.00 C, 343.15 K), re-initialising the DNA interaction
DEBUG: Debye-Huckel parameters: Q=0.054300, lambda_0=0.361646, lambda=0.386780, r_high=1.160341, cutoff=2.703309
DEBUG: Debye-Huckel parameters: debye_huckel_RC=1.740512e+00, debye_huckel_B=6.921804e-03
INFO: The Debye length at this temperature and salt concentration is 0.386780
INFO: pid: 22339
DEBUG: Debye-Huckel parameters: Q=0.054300, lambda_0=0.361646, lambda=0.386780, r_high=1.160341, cutoff=2.703309
DEBUG: Debye-Huckel parameters: debye_huckel_RC=1.740512e+00, debye_huckel_B=6.921804e-03
INFO: The Debye length at this temperature and salt concentration is 0.386780
INFO: (Cells.cpp) N_cells_side: 4, 4, 4; rcut=2.80331, IS_MC: 0
INFO: N: 16, N molecules: 2
INFO: Parsing order parameter file op.txt
INFO: Order parameter type bond found, processing
INFO: --> Adding HB pair (0, 15) to order parameter `native'
INFO: --> Adding HB pair (1, 14) to order parameter `native'
INFO: --> Adding HB pair (2, 13) to order parameter `native'
INFO: --> Adding HB pair (3, 12) to order parameter `native'
INFO: --> Adding HB pair (4, 11) to order parameter `native'
INFO: --> Adding HB pair (5, 10) to order parameter `native'
INFO: --> Adding HB pair (6, 9) to order parameter `native'
INFO: --> Adding HB pair (7, 8) to order parameter `native'
INFO: Order parameter type mindistance found, processing
INFO: --> Adding HB pair (0, 15) to order parameter `distance'
INFO: --> Adding HB pair (1, 14) to order parameter `distance'
INFO: --> Adding HB pair (2, 13) to order parameter `distance'
INFO: --> Adding HB pair (3, 12) to order parameter `distance'
INFO: --> Adding HB pair (4, 11) to order parameter `distance'
INFO: --> Adding HB pair (5, 10) to order parameter `distance'
INFO: --> Adding HB pair (6, 9) to order parameter `distance'
INFO: --> Adding HB pair (7, 8) to order parameter `distance'
INFO:  File op.txt parsed; found 1 hb_dim, 1 dist_dim
INFO: Setting initial value for the order parameter...
INFO: diffusion fixed.. -16.6189 -16.6189
INFO: diffusion fixed.. -19.4849 -19.4849
INFO: diffusion fixed.. -18.3694 -18.3694
INFO: diffusion fixed.. -15.5298 -15.5298
INFO: diffusion fixed.. -13.6047 -13.6047
INFO: diffusion fixed.. -12.9728 -12.9728
INFO: diffusion fixed.. -14.7637 -14.7637
INFO: diffusion fixed.. -13.7093 -13.7093
INFO: diffusion fixed.. -15.7393 -15.7393
INFO: diffusion fixed.. -16.9688 -16.9688
INFO: diffusion fixed.. -17.3339 -17.3339
INFO: diffusion fixed.. -18.9192 -18.9192
INFO: diffusion fixed.. -16.3482 -16.3482
INFO: diffusion fixed.. -14.0641 -14.0641
INFO: diffusion fixed.. -16.7328 -16.7328
INFO: diffusion fixed.. -18.0241 -18.0241
INFO: diffusion fixed.. -15.3232 -15.3232
INFO: diffusion fixed.. -15.3988 -15.3988
INFO: diffusion fixed.. -17.8344 -17.8344
INFO: diffusion fixed.. -17.2058 -17.2058
INFO: diffusion fixed.. -17.4941 -17.4941
INFO: diffusion fixed.. -15.5083 -15.5083
INFO: diffusion fixed.. -19.8639 -19.8639
INFO: Reached condition1
INFO: Reached stop conditions, stopping in step 2486480
INFO: FFS final values: native: 8; distance:  0.374630717; 

INFO: Total Running Time: 68.1146 s, per step: 0.0294114 ms
INFO: Timings, in seconds, by Timer (total, own, spent in children)
> SimBackend                         68.115 (100.0%)        4.580 (  6.7%)       63.535 ( 93.3%)
***> Lists                            1.142 (  1.7%)        1.142 (  1.7%)        0.000 (  0.0%)
***> Thermostat                       0.751 (  1.1%)        0.751 (  1.1%)        0.000 (  0.0%)
***> Forces                          57.075 ( 83.8%)       57.075 ( 83.8%)        0.000 (  0.0%)
***> First Step                       3.064 (  4.5%)        3.064 (  4.5%)        0.000 (  0.0%)
***> Observables                      1.504 (  2.2%)        1.504 (  2.2%)        0.000 (  0.0%)

INFO: Lists updated 129951 times (every ~17.821556 steps)
INFO: Aggregated I/O statistics (set debug=1 for file-wise information)
	 23.196 KB written to files
	  0.000  B written to stdout/stderr
	For a total of 0.000333 MB/s


Please cite at least the following publication for any work that uses the oxDNA simulation package
  * E. Poppleton et al., J. Open Source Softw. 8, 4693 (2023), DOI: 10.21105/joss.04693
