INFO: seeding the RNG with 1768195406
INFO: Initializing backend 
INFO: Simulation type: FFS_MD
INFO: The generator will try to take into account bonded interactions by choosing distances between bonded neighbours no larger than 2.000000
INFO: Using 'oxDNA2_sequence_dependent_parameters.txt' as the input for sequence-dependent values
INFO: Converting temperature from Celsius (70.000000 C°) to simulation units (0.114383)
INFO: Running Debye-Huckel at salt concentration =  1
INFO: Using different widths for major and minor grooves
INFO: Temperature change detected (new temperature: 70.00 C, 343.15 K), re-initialising the DNA interaction
DEBUG: Debye-Huckel parameters: Q=0.054300, lambda_0=0.361646, lambda=0.386780, r_high=1.160341, cutoff=2.703309
DEBUG: Debye-Huckel parameters: debye_huckel_RC=1.740512e+00, debye_huckel_B=6.921804e-03
INFO: The Debye length at this temperature and salt concentration is 0.386780
INFO: pid: 22330
DEBUG: Debye-Huckel parameters: Q=0.054300, lambda_0=0.361646, lambda=0.386780, r_high=1.160341, cutoff=2.703309
DEBUG: Debye-Huckel parameters: debye_huckel_RC=1.740512e+00, debye_huckel_B=6.921804e-03
INFO: The Debye length at this temperature and salt concentration is 0.386780
INFO: (Cells.cpp) N_cells_side: 4, 4, 4; rcut=2.80331, IS_MC: 0
INFO: N: 16, N molecules: 2
INFO: Parsing order parameter file op.txt
INFO: Order parameter type bond found, processing
INFO: --> Adding HB pair (0, 15) to order parameter `native'
INFO: --> Adding HB pair (1, 14) to order parameter `native'
INFO: --> Adding HB pair (2, 13) to order parameter `native'
INFO: --> Adding HB pair (3, 12) to order parameter `native'
INFO: --> Adding HB pair (4, 11) to order parameter `native'
INFO: --> Adding HB pair (5, 10) to order parameter `native'
INFO: --> Adding HB pair (6, 9) to order parameter `native'
INFO: --> Adding HB pair (7, 8) to order parameter `native'
INFO: Order parameter type mindistance found, processing
INFO: --> Adding HB pair (0, 15) to order parameter `distance'
INFO: --> Adding HB pair (1, 14) to order parameter `distance'
INFO: --> Adding HB pair (2, 13) to order parameter `distance'
INFO: --> Adding HB pair (3, 12) to order parameter `distance'
INFO: --> Adding HB pair (4, 11) to order parameter `distance'
INFO: --> Adding HB pair (5, 10) to order parameter `distance'
INFO: --> Adding HB pair (6, 9) to order parameter `distance'
INFO: --> Adding HB pair (7, 8) to order parameter `distance'
INFO:  File op.txt parsed; found 1 hb_dim, 1 dist_dim
INFO: Setting initial value for the order parameter...
INFO: diffusion fixed.. -15.1658 -15.1658
INFO: diffusion fixed.. -18.3376 -18.3376
INFO: diffusion fixed.. -14.2488 -14.2488
INFO: diffusion fixed.. -14.6301 -14.6301
INFO: diffusion fixed.. -13.2961 -13.2961
INFO: diffusion fixed.. -12.0067 -12.0067
INFO: diffusion fixed.. -14.1135 -14.1135
INFO: diffusion fixed.. -16.0294 -16.0294
INFO: diffusion fixed.. -15.4228 -15.4228
INFO: diffusion fixed.. -15.2273 -15.2273
INFO: diffusion fixed.. -16.2877 -16.2877
INFO: diffusion fixed.. -17.5308 -17.5308
INFO: diffusion fixed.. -21.217 -21.217
INFO: diffusion fixed.. -14.7022 -14.7022
INFO: diffusion fixed.. -15.4701 -15.4701
INFO: diffusion fixed.. -17.0514 -17.0514
INFO: Reached condition1
INFO: Reached stop conditions, stopping in step 1824928
INFO: FFS final values: native: 8; distance:  0.376601813; 

INFO: Total Running Time: 47.5696 s, per step: 0.029 ms
INFO: Timings, in seconds, by Timer (total, own, spent in children)
> SimBackend                         47.570 (100.0%)        3.232 (  6.8%)       44.337 ( 93.2%)
***> Lists                            0.808 (  1.7%)        0.808 (  1.7%)        0.000 (  0.0%)
***> Thermostat                       0.532 (  1.1%)        0.532 (  1.1%)        0.000 (  0.0%)
***> Forces                          39.766 ( 83.6%)       39.766 ( 83.6%)        0.000 (  0.0%)
***> First Step                       2.163 (  4.5%)        2.163 (  4.5%)        0.000 (  0.0%)
***> Observables                      1.068 (  2.2%)        1.068 (  2.2%)        0.000 (  0.0%)

INFO: Lists updated 92351 times (every ~17.761908 steps)
INFO: Aggregated I/O statistics (set debug=1 for file-wise information)
	 14.078 KB written to files
	  0.000  B written to stdout/stderr
	For a total of 0.000289 MB/s


Please cite at least the following publication for any work that uses the oxDNA simulation package
  * E. Poppleton et al., J. Open Source Softw. 8, 4693 (2023), DOI: 10.21105/joss.04693
