INFO: seeding the RNG with 1768195435
INFO: Initializing backend 
INFO: Simulation type: FFS_MD
INFO: The generator will try to take into account bonded interactions by choosing distances between bonded neighbours no larger than 2.000000
INFO: Using 'oxDNA2_sequence_dependent_parameters.txt' as the input for sequence-dependent values
INFO: Converting temperature from Celsius (70.000000 C°) to simulation units (0.114383)
INFO: Running Debye-Huckel at salt concentration =  1
INFO: Using different widths for major and minor grooves
INFO: Temperature change detected (new temperature: 70.00 C, 343.15 K), re-initialising the DNA interaction
DEBUG: Debye-Huckel parameters: Q=0.054300, lambda_0=0.361646, lambda=0.386780, r_high=1.160341, cutoff=2.703309
DEBUG: Debye-Huckel parameters: debye_huckel_RC=1.740512e+00, debye_huckel_B=6.921804e-03
INFO: The Debye length at this temperature and salt concentration is 0.386780
INFO: pid: 22336
DEBUG: Debye-Huckel parameters: Q=0.054300, lambda_0=0.361646, lambda=0.386780, r_high=1.160341, cutoff=2.703309
DEBUG: Debye-Huckel parameters: debye_huckel_RC=1.740512e+00, debye_huckel_B=6.921804e-03
INFO: The Debye length at this temperature and salt concentration is 0.386780
INFO: (Cells.cpp) N_cells_side: 4, 4, 4; rcut=2.80331, IS_MC: 0
INFO: N: 16, N molecules: 2
INFO: Parsing order parameter file op.txt
INFO: Order parameter type bond found, processing
INFO: --> Adding HB pair (0, 15) to order parameter `native'
INFO: --> Adding HB pair (1, 14) to order parameter `native'
INFO: --> Adding HB pair (2, 13) to order parameter `native'
INFO: --> Adding HB pair (3, 12) to order parameter `native'
INFO: --> Adding HB pair (4, 11) to order parameter `native'
INFO: --> Adding HB pair (5, 10) to order parameter `native'
INFO: --> Adding HB pair (6, 9) to order parameter `native'
INFO: --> Adding HB pair (7, 8) to order parameter `native'
INFO: Order parameter type mindistance found, processing
INFO: --> Adding HB pair (0, 15) to order parameter `distance'
INFO: --> Adding HB pair (1, 14) to order parameter `distance'
INFO: --> Adding HB pair (2, 13) to order parameter `distance'
INFO: --> Adding HB pair (3, 12) to order parameter `distance'
INFO: --> Adding HB pair (4, 11) to order parameter `distance'
INFO: --> Adding HB pair (5, 10) to order parameter `distance'
INFO: --> Adding HB pair (6, 9) to order parameter `distance'
INFO: --> Adding HB pair (7, 8) to order parameter `distance'
INFO:  File op.txt parsed; found 1 hb_dim, 1 dist_dim
INFO: Setting initial value for the order parameter...
INFO: diffusion fixed.. -17.0376 -17.0376
INFO: diffusion fixed.. -14.9775 -14.9775
INFO: diffusion fixed.. -19.3831 -19.3831
INFO: diffusion fixed.. -15.5718 -15.5718
INFO: diffusion fixed.. -16.1247 -16.1247
INFO: diffusion fixed.. -19.0707 -19.0707
INFO: diffusion fixed.. -15.8661 -15.8661
INFO: diffusion fixed.. -17.4121 -17.4121
INFO: diffusion fixed.. -15.4411 -15.4411
INFO: diffusion fixed.. -18.6329 -18.6329
INFO: diffusion fixed.. -13.7963 -13.7963
INFO: diffusion fixed.. -12.8695 -12.8695
INFO: diffusion fixed.. -13.08 -13.08
INFO: diffusion fixed.. -8.90682 -8.90682
INFO: diffusion fixed.. -12.0251 -12.0251
INFO: diffusion fixed.. -11.1541 -11.1541
INFO: diffusion fixed.. -10.7124 -10.7124
INFO: Reached condition2
INFO: Reached stop conditions, stopping in step 1826906
INFO: FFS final values: native: 0; distance:  5.000904798; 

INFO: Total Running Time: 45.3178 s, per step: 0.0256456 ms
INFO: Timings, in seconds, by Timer (total, own, spent in children)
> SimBackend                         45.318 (100.0%)        3.237 (  7.1%)       42.081 ( 92.9%)
***> Lists                            0.800 (  1.8%)        0.800 (  1.8%)        0.000 (  0.0%)
***> Thermostat                       0.528 (  1.2%)        0.528 (  1.2%)        0.000 (  0.0%)
***> Forces                          37.527 ( 82.8%)       37.527 ( 82.8%)        0.000 (  0.0%)
***> First Step                       2.155 (  4.8%)        2.155 (  4.8%)        0.000 (  0.0%)
***> Observables                      1.071 (  2.4%)        1.071 (  2.4%)        0.000 (  0.0%)

INFO: Lists updated 99147 times (every ~17.822829 steps)
INFO: Aggregated I/O statistics (set debug=1 for file-wise information)
	 14.085 KB written to files
	  0.000  B written to stdout/stderr
	For a total of 0.000304 MB/s


Please cite at least the following publication for any work that uses the oxDNA simulation package
  * E. Poppleton et al., J. Open Source Softw. 8, 4693 (2023), DOI: 10.21105/joss.04693
