2026-01-11 22:22:14,076 [INFO] (main) Main: STARTING new shooting for 12
2026-01-11 22:22:14,081 [INFO] (main) Main: Starting processes...
2026-01-11 22:22:14,094 [INFO] (main) Main: waiting for processes to finish
2026-01-11 22:22:14,194 [INFO] (timer) Timer started at Sun Jan 11 22:22:14 2026
2026-01-11 22:22:14,196 [INFO] (Worker0) equilibration started
2026-01-11 22:22:14,197 [INFO] (Worker1) equilibration started
2026-01-11 22:22:14,199 [INFO] (Worker2) equilibration started
2026-01-11 22:22:14,200 [INFO] (Worker3) equilibration started
2026-01-11 22:22:16,497 [INFO] (Worker0) equilibrated
2026-01-11 22:22:16,498 [INFO] (Worker0) Running initial simulation to start before λ_{-1}
2026-01-11 22:22:16,516 [INFO] (Worker2) equilibrated
2026-01-11 22:22:16,517 [INFO] (Worker2) Running initial simulation to start before λ_{-1}
2026-01-11 22:22:16,523 [INFO] (Worker3) equilibrated
2026-01-11 22:22:16,523 [INFO] (Worker3) Running initial simulation to start before λ_{-1}
2026-01-11 22:22:16,538 [INFO] (Worker2) Sim 2 reached Q_{-2}...
2026-01-11 22:22:16,555 [INFO] (Worker1) equilibrated
2026-01-11 22:22:16,555 [INFO] (Worker1) Running initial simulation to start before λ_{-1}
2026-01-11 22:22:16,560 [INFO] (Worker3) Sim 2 reached Q_{-2}...
2026-01-11 22:22:16,573 [INFO] (Worker2) Worker 2: reached lambda_{-1} going forwards
2026-01-11 22:22:16,587 [INFO] (Worker1) Sim 2 reached Q_{-2}...
2026-01-11 22:22:16,592 [INFO] (Worker2) Worker 2: crossed interface lambda_{-1} going backwards
2026-01-11 22:22:16,594 [INFO] (Worker3) Worker 3: reached lambda_{-1} going forwards
2026-01-11 22:22:16,608 [INFO] (Worker1) Worker 1: reached lambda_{-1} going forwards
2026-01-11 22:22:16,622 [INFO] (Worker3) Worker 3: crossed interface lambda_{0} going forwards: SUCCESS
2026-01-11 22:22:16,636 [INFO] (Worker1) Worker 1: crossed interface lambda_{0} going forwards: SUCCESS
2026-01-11 22:22:16,651 [INFO] (Worker2) Worker 2: reached lambda_{-1} going forwards
2026-01-11 22:22:16,673 [INFO] (Worker2) Worker 2: crossed interface lambda_{-1} going backwards
2026-01-11 22:22:16,696 [INFO] (Worker2) Worker 2: reached lambda_{-1} going forwards
2026-01-11 22:22:16,717 [INFO] (Worker2) Worker 2: crossed interface lambda_{0} going forwards: SUCCESS
2026-01-11 22:22:17,338 [INFO] (Worker0) Sim 2 reached Q_{-2}...
2026-01-11 22:22:17,372 [INFO] (Worker0) Worker 0: reached lambda_{-1} going forwards
2026-01-11 22:22:17,391 [INFO] (Worker0) Worker 0: crossed interface lambda_{-1} going backwards
2026-01-11 22:22:17,415 [INFO] (Worker0) Worker 0: reached lambda_{-1} going forwards
2026-01-11 22:22:17,444 [INFO] (Worker0) Worker 0: crossed interface lambda_{-1} going backwards
2026-01-11 22:22:17,465 [INFO] (Worker0) Worker 0: reached lambda_{-1} going forwards
2026-01-11 22:22:17,484 [INFO] (Worker0) Worker 0: crossed interface lambda_{-1} going backwards
2026-01-11 22:22:17,504 [INFO] (Worker0) Worker 0: reached lambda_{-1} going forwards
2026-01-11 22:22:17,524 [INFO] (Worker0) Worker 0: crossed interface lambda_{-1} going backwards
2026-01-11 22:22:17,556 [INFO] (Worker0) Worker 0: reached lambda_{-1} going forwards
2026-01-11 22:22:17,576 [INFO] (Worker0) Worker 0: crossed interface lambda_{-1} going backwards
2026-01-11 22:22:17,601 [INFO] (Worker0) Worker 0: reached lambda_{-1} going forwards
2026-01-11 22:22:17,625 [INFO] (Worker0) Worker 0: crossed interface lambda_{-1} going backwards
2026-01-11 22:22:17,645 [INFO] (Worker0) Worker 0: reached lambda_{-1} going forwards
2026-01-11 22:22:17,665 [INFO] (Worker0) Worker 0: crossed interface lambda_{0} going forwards: SUCCESS
2026-01-11 22:22:19,204 [INFO] (Worker3) Worker 3: crossed interface lambda_{-1} going backwards after success
2026-01-11 22:22:19,213 [INFO] (Worker1) Worker 1: crossed interface lambda_{-1} going backwards after success
2026-01-11 22:22:19,223 [INFO] (Worker3) Worker 3: reached lambda_{-1} going forwards
2026-01-11 22:22:19,232 [INFO] (Worker1) Worker 1: reached lambda_{-1} going forwards
2026-01-11 22:22:19,242 [INFO] (Worker3) Worker 3: crossed interface lambda_{0} going forwards: SUCCESS
2026-01-11 22:22:19,251 [INFO] (Worker1) Worker 1: crossed interface lambda_{0} going forwards: SUCCESS
2026-01-11 22:22:19,295 [INFO] (Worker2) Worker 2: crossed interface lambda_{-1} going backwards after success
2026-01-11 22:22:19,314 [INFO] (Worker2) Worker 2: reached lambda_{-1} going forwards
2026-01-11 22:22:19,334 [INFO] (Worker2) Worker 2: crossed interface lambda_{0} going forwards: SUCCESS
2026-01-11 22:22:20,174 [INFO] (Worker0) Worker 0: crossed interface lambda_{-1} going backwards after success
2026-01-11 22:22:20,193 [INFO] (Worker0) Worker 0: reached lambda_{-1} going forwards
2026-01-11 22:22:20,213 [INFO] (Worker0) Worker 0: crossed interface lambda_{0} going forwards: SUCCESS
2026-01-11 22:22:21,511 [INFO] (Worker3) Worker 3: crossed interface lambda_{-1} going backwards after success
2026-01-11 22:22:21,530 [INFO] (Worker3) Worker 3: reached lambda_{-1} going forwards
2026-01-11 22:22:21,549 [INFO] (Worker3) Worker 3: crossed interface lambda_{0} going forwards: SUCCESS
2026-01-11 22:22:21,560 [INFO] (Worker1) Worker 1: crossed interface lambda_{-1} going backwards after success
2026-01-11 22:22:21,579 [INFO] (Worker1) Worker 1: reached lambda_{-1} going forwards
2026-01-11 22:22:21,598 [INFO] (Worker1) Worker 1: crossed interface lambda_{0} going forwards: SUCCESS
2026-01-11 22:22:21,680 [INFO] (Worker2) Worker 2: crossed interface lambda_{-1} going backwards after success
2026-01-11 22:22:21,700 [INFO] (Worker2) Worker 2: reached lambda_{-1} going forwards
2026-01-11 22:22:21,721 [INFO] (Worker2) Worker 2: crossed interface lambda_{0} going forwards: SUCCESS
2026-01-11 22:22:22,489 [INFO] (Worker0) Worker 0: crossed interface lambda_{-1} going backwards after success
2026-01-11 22:22:22,508 [INFO] (Worker0) Worker 0: reached lambda_{-1} going forwards
2026-01-11 22:22:22,527 [INFO] (Worker0) Worker 0: crossed interface lambda_{0} going forwards: SUCCESS
2026-01-11 22:22:23,838 [INFO] (Worker3) Worker 3: crossed interface lambda_{-1} going backwards after success
2026-01-11 22:22:23,838 [INFO] (Worker3) Achieved desired success count, process #3 terminating....
2026-01-11 22:22:23,919 [INFO] (Worker1) Worker 1: crossed interface lambda_{-1} going backwards after success
2026-01-11 22:22:23,919 [INFO] (Worker1) Achieved desired success count, process #1 terminating....
2026-01-11 22:22:24,079 [INFO] (Worker2) Worker 2: crossed interface lambda_{-1} going backwards after success
2026-01-11 22:22:24,079 [INFO] (Worker2) Achieved desired success count, process #2 terminating....
2026-01-11 22:22:24,196 [INFO] (timer) runtime 10.00s: successes: 12, time per success: 0.833s
2026-01-11 22:22:24,711 [INFO] (Worker0) Worker 0: crossed interface lambda_{-1} going backwards after success
2026-01-11 22:22:24,711 [INFO] (Worker0) Achieved desired success count, process #0 terminating....
2026-01-11 22:22:25,639 [INFO] (main) Main: Terminating timer
2026-01-11 22:22:25,640 [INFO] (main) terminating processes
2026-01-11 22:22:25,640 [INFO] (main) Main: nsuccesses: 12 in this run
2026-01-11 22:22:25,645 [INFO] (main) average number of timesteps taken to reach a success (including possibly previous runs with the same pattern) (aka 1./flux): 8591.5
2026-01-11 22:22:25,645 [INFO] (main) initial flux (includes previous runs if they were there): 0.00011639411045801082
2026-02-04 19:15:01,817 [INFO] (main) Found enough existing successes (found 12, required 12). Exiting...
2026-02-04 19:15:01,817 [INFO] (main) Main: STARTING new shooting for 12
2026-02-04 19:15:01,824 [INFO] (main) Main: Starting processes...
2026-02-04 19:15:01,849 [INFO] (main) Main: waiting for processes to finish
2026-02-04 19:15:01,928 [INFO] (timer) Timer started at Wed Feb  4 19:15:01 2026
2026-02-04 19:15:01,934 [INFO] (Worker0) Achieved desired success count, process #0 terminating....
2026-02-04 19:15:01,943 [INFO] (Worker1) Achieved desired success count, process #1 terminating....
2026-02-04 19:15:01,947 [INFO] (Worker2) Achieved desired success count, process #2 terminating....
2026-02-04 19:15:01,956 [INFO] (Worker3) Achieved desired success count, process #3 terminating....
2026-02-04 19:15:02,554 [INFO] (main) Main: Terminating timer
2026-02-04 19:15:02,555 [INFO] (main) terminating processes
2026-02-04 19:15:02,555 [INFO] (main) Main: nsuccesses: 0 in this run
2026-02-04 19:15:02,564 [INFO] (main) average number of timesteps taken to reach a success (including possibly previous runs with the same pattern) (aka 1./flux): 8591.5
2026-02-04 19:15:02,566 [INFO] (main) initial flux (includes previous runs if they were there): 0.00011639411045801082
