2026-01-11 22:23:02,888 [INFO] (main) Starting shoot3 procedure
2026-01-11 22:23:02,889 [INFO] (main) Found 13 starting confs
2026-01-11 22:23:02,893 [INFO] (main) starting processes...
2026-01-11 22:23:02,912 [INFO] (main) waiting for processes to finish
2026-01-11 22:23:03,008 [INFO] (timer) Timer started at Sun Jan 11 22:23:03 2026
2026-01-11 22:23:03,009 [INFO] (Worker0) Worker 0 started
2026-01-11 22:23:03,011 [INFO] (Worker1) Worker 1 started
2026-01-11 22:23:03,012 [INFO] (Worker0) Chose starting configuration success_3.dat
2026-01-11 22:23:03,013 [INFO] (Worker1) Chose starting configuration success_13.dat
2026-01-11 22:23:03,014 [INFO] (Worker2) Worker 2 started
2026-01-11 22:23:03,016 [INFO] (Worker2) Chose starting configuration success_4.dat
2026-01-11 22:23:03,017 [INFO] (Worker3) Worker 3 started
2026-01-11 22:23:03,018 [INFO] (Worker3) Chose starting configuration success_2.dat
2026-01-11 22:23:03,030 [INFO] (Worker1) Executing shoot....
2026-01-11 22:23:03,030 [INFO] (Worker0) Executing shoot....
2026-01-11 22:23:03,032 [INFO] (Worker2) Executing shoot....
2026-01-11 22:23:03,032 [INFO] (Worker3) Executing shoot....
2026-01-11 22:23:06,756 [INFO] (Worker2) Shoot complete. Execution time: 0.0ms
2026-01-11 22:23:06,756 [INFO] (Worker2) FAILURE: starting from conf_index 2 and seed 1768195337
2026-01-11 22:23:06,757 [INFO] (Worker2) Chose starting configuration success_10.dat
2026-01-11 22:23:06,773 [INFO] (Worker2) Executing shoot....
2026-01-11 22:23:13,010 [INFO] (timer) runtime 10.00s: no successes yet (at 0)
2026-01-11 22:23:13,269 [INFO] (Worker1) Shoot complete. Execution time: 0.0ms
2026-01-11 22:23:13,270 [INFO] (Worker1) FAILURE: starting from conf_index 1 and seed 1768195336
2026-01-11 22:23:13,270 [INFO] (Worker1) Chose starting configuration success_1.dat
2026-01-11 22:23:13,287 [INFO] (Worker1) Executing shoot....
2026-01-11 22:23:16,697 [INFO] (Worker3) Shoot complete. Execution time: 0.0ms
2026-01-11 22:23:16,697 [INFO] (Worker3) FAILURE: starting from conf_index 3 and seed 1768195338
2026-01-11 22:23:16,697 [INFO] (Worker3) Chose starting configuration success_12.dat
2026-01-11 22:23:16,714 [INFO] (Worker3) Executing shoot....
2026-01-11 22:23:19,684 [INFO] (Worker0) Shoot complete. Execution time: 0.0ms
2026-01-11 22:23:19,685 [INFO] (Worker0) FAILURE: starting from conf_index 0 and seed 1768195335
2026-01-11 22:23:19,685 [INFO] (Worker0) Chose starting configuration success_6.dat
2026-01-11 22:23:19,702 [INFO] (Worker0) Executing shoot....
2026-01-11 22:23:20,040 [INFO] (Worker3) Shoot complete. Execution time: 0.0ms
2026-01-11 22:23:20,040 [INFO] (Worker3) FAILURE: starting from conf_index 3 and seed 1768195341
2026-01-11 22:23:20,040 [INFO] (Worker3) Chose starting configuration success_11.dat
2026-01-11 22:23:20,057 [INFO] (Worker3) Executing shoot....
2026-01-11 22:23:20,779 [INFO] (Worker1) Shoot complete. Execution time: 0.0ms
2026-01-11 22:23:20,780 [INFO] (Worker1) FAILURE: starting from conf_index 1 and seed 1768195340
2026-01-11 22:23:20,780 [INFO] (Worker1) Chose starting configuration success_1.dat
2026-01-11 22:23:20,797 [INFO] (Worker1) Executing shoot....
2026-01-11 22:23:23,011 [INFO] (timer) runtime 20.00s: no successes yet (at 0)
2026-01-11 22:23:23,068 [INFO] (Worker1) Shoot complete. Execution time: 0.0ms
2026-01-11 22:23:23,069 [INFO] (Worker1) FAILURE: starting from conf_index 1 and seed 1768195344
2026-01-11 22:23:23,069 [INFO] (Worker1) Chose starting configuration success_13.dat
2026-01-11 22:23:23,086 [INFO] (Worker1) Executing shoot....
2026-01-11 22:23:24,444 [INFO] (Worker1) Shoot complete. Execution time: 0.0ms
2026-01-11 22:23:24,445 [INFO] (Worker1) FAILURE: starting from conf_index 1 and seed 1768195345
2026-01-11 22:23:24,445 [INFO] (Worker1) Chose starting configuration success_1.dat
2026-01-11 22:23:24,461 [INFO] (Worker1) Executing shoot....
2026-01-11 22:23:26,503 [INFO] (Worker2) Shoot complete. Execution time: 0.0ms
2026-01-11 22:23:26,504 [INFO] (Worker2) FAILURE: starting from conf_index 2 and seed 1768195339
2026-01-11 22:23:26,504 [INFO] (Worker2) Chose starting configuration success_11.dat
2026-01-11 22:23:26,520 [INFO] (Worker2) Executing shoot....
2026-01-11 22:23:26,698 [INFO] (Worker1) Shoot complete. Execution time: 0.0ms
2026-01-11 22:23:26,698 [INFO] (Worker1) FAILURE: starting from conf_index 1 and seed 1768195346
2026-01-11 22:23:26,699 [INFO] (Worker1) Chose starting configuration success_9.dat
2026-01-11 22:23:26,716 [INFO] (Worker1) Executing shoot....
2026-01-11 22:23:30,412 [INFO] (Worker2) Shoot complete. Execution time: 0.0ms
2026-01-11 22:23:30,413 [INFO] (Worker2) FAILURE: starting from conf_index 2 and seed 1768195347
2026-01-11 22:23:30,413 [INFO] (Worker2) Chose starting configuration success_8.dat
2026-01-11 22:23:30,432 [INFO] (Worker2) Executing shoot....
2026-01-11 22:23:30,806 [INFO] (Worker2) Shoot complete. Execution time: 0.0ms
2026-01-11 22:23:30,807 [INFO] (Worker2) FAILURE: starting from conf_index 2 and seed 1768195349
2026-01-11 22:23:30,807 [INFO] (Worker2) Chose starting configuration success_5.dat
2026-01-11 22:23:30,824 [INFO] (Worker2) Executing shoot....
2026-01-11 22:23:33,011 [INFO] (timer) runtime 30.00s: no successes yet (at 0)
2026-01-11 22:23:33,231 [INFO] (Worker3) Shoot complete. Execution time: 0.0ms
2026-01-11 22:23:33,232 [INFO] (Worker3) FAILURE: starting from conf_index 3 and seed 1768195343
2026-01-11 22:23:33,232 [INFO] (Worker3) Chose starting configuration success_9.dat
2026-01-11 22:23:33,249 [INFO] (Worker3) Executing shoot....
2026-01-11 22:23:34,721 [INFO] (Worker2) Shoot complete. Execution time: 0.0ms
2026-01-11 22:23:34,721 [INFO] (Worker2) FAILURE: starting from conf_index 2 and seed 1768195350
2026-01-11 22:23:34,721 [INFO] (Worker2) Chose starting configuration success_10.dat
2026-01-11 22:23:34,738 [INFO] (Worker2) Executing shoot....
2026-01-11 22:23:35,057 [INFO] (Worker0) Shoot complete. Execution time: 0.0ms
2026-01-11 22:23:35,057 [INFO] (Worker0) FAILURE: starting from conf_index 0 and seed 1768195342
2026-01-11 22:23:35,058 [INFO] (Worker0) Chose starting configuration success_4.dat
2026-01-11 22:23:35,076 [INFO] (Worker0) Executing shoot....
2026-01-11 22:23:41,835 [INFO] (Worker1) Shoot complete. Execution time: 0.0ms
2026-01-11 22:23:41,836 [INFO] (Worker1) SUCCESS: starting from conf_index 8 and seed 1768195348
2026-01-11 22:23:41,836 [INFO] (Worker1) Chose starting configuration success_1.dat
2026-01-11 22:23:41,855 [INFO] (Worker1) Executing shoot....
2026-01-11 22:23:43,011 [INFO] (timer) runtime 40.00s: no successes yet (at 1)
2026-01-11 22:23:51,576 [INFO] (Worker3) Shoot complete. Execution time: 0.0ms
2026-01-11 22:23:51,576 [INFO] (Worker3) FAILURE: starting from conf_index 3 and seed 1768195351
2026-01-11 22:23:51,576 [INFO] (Worker3) Chose starting configuration success_5.dat
2026-01-11 22:23:51,589 [INFO] (Worker3) Executing shoot....
2026-01-11 22:23:53,012 [INFO] (timer) runtime 50.00s: no successes yet (at 1)
2026-01-11 22:24:03,012 [INFO] (timer) runtime 60.00s: no successes yet (at 1)
2026-01-11 22:24:03,258 [INFO] (Worker1) Shoot complete. Execution time: 0.0ms
2026-01-11 22:24:03,259 [INFO] (Worker1) FAILURE: starting from conf_index 1 and seed 1768195354
2026-01-11 22:24:03,259 [INFO] (Worker1) Chose starting configuration success_2.dat
2026-01-11 22:24:03,277 [INFO] (Worker1) Executing shoot....
2026-01-11 22:24:03,950 [INFO] (Worker0) Shoot complete. Execution time: 0.0ms
2026-01-11 22:24:03,951 [INFO] (Worker0) FAILURE: starting from conf_index 0 and seed 1768195353
2026-01-11 22:24:03,951 [INFO] (Worker0) Chose starting configuration success_1.dat
2026-01-11 22:24:03,963 [INFO] (Worker0) Executing shoot....
2026-01-11 22:24:05,605 [INFO] (Worker0) Shoot complete. Execution time: 0.0ms
2026-01-11 22:24:05,606 [INFO] (Worker0) FAILURE: starting from conf_index 0 and seed 1768195357
2026-01-11 22:24:05,606 [INFO] (Worker0) Chose starting configuration success_11.dat
2026-01-11 22:24:05,623 [INFO] (Worker0) Executing shoot....
2026-01-11 22:24:05,945 [INFO] (Worker3) Shoot complete. Execution time: 0.0ms
2026-01-11 22:24:05,946 [INFO] (Worker3) FAILURE: starting from conf_index 3 and seed 1768195355
2026-01-11 22:24:05,946 [INFO] (Worker3) Chose starting configuration success_4.dat
2026-01-11 22:24:05,969 [INFO] (Worker3) Executing shoot....
2026-01-11 22:24:12,119 [INFO] (Worker0) Shoot complete. Execution time: 0.0ms
2026-01-11 22:24:12,120 [INFO] (Worker0) FAILURE: starting from conf_index 0 and seed 1768195358
2026-01-11 22:24:12,120 [INFO] (Worker0) Chose starting configuration success_7.dat
2026-01-11 22:24:12,139 [INFO] (Worker0) Executing shoot....
2026-01-11 22:24:12,285 [INFO] (Worker3) Shoot complete. Execution time: 0.0ms
2026-01-11 22:24:12,285 [INFO] (Worker3) FAILURE: starting from conf_index 3 and seed 1768195359
2026-01-11 22:24:12,286 [INFO] (Worker3) Chose starting configuration success_9.dat
2026-01-11 22:24:12,304 [INFO] (Worker3) Executing shoot....
2026-01-11 22:24:12,441 [INFO] (Worker2) Shoot complete. Execution time: 0.0ms
2026-01-11 22:24:12,441 [INFO] (Worker2) FAILURE: starting from conf_index 2 and seed 1768195352
2026-01-11 22:24:12,441 [INFO] (Worker2) Chose starting configuration success_9.dat
2026-01-11 22:24:12,456 [INFO] (Worker2) Executing shoot....
2026-01-11 22:24:13,013 [INFO] (timer) runtime 70.00s: no successes yet (at 1)
2026-01-11 22:24:23,013 [INFO] (timer) runtime 80.00s: no successes yet (at 1)
2026-01-11 22:24:23,778 [INFO] (Worker2) Shoot complete. Execution time: 0.0ms
2026-01-11 22:24:23,779 [INFO] (Worker2) FAILURE: starting from conf_index 2 and seed 1768195362
2026-01-11 22:24:23,779 [INFO] (Worker2) Chose starting configuration success_10.dat
2026-01-11 22:24:23,796 [INFO] (Worker2) Executing shoot....
2026-01-11 22:24:24,238 [INFO] (Worker0) Shoot complete. Execution time: 0.0ms
2026-01-11 22:24:24,239 [INFO] (Worker0) FAILURE: starting from conf_index 0 and seed 1768195360
2026-01-11 22:24:24,239 [INFO] (Worker0) Chose starting configuration success_2.dat
2026-01-11 22:24:24,256 [INFO] (Worker0) Executing shoot....
2026-01-11 22:24:29,519 [INFO] (Worker0) Shoot complete. Execution time: 0.0ms
2026-01-11 22:24:29,519 [INFO] (Worker0) FAILURE: starting from conf_index 0 and seed 1768195364
2026-01-11 22:24:29,520 [INFO] (Worker0) Chose starting configuration success_7.dat
2026-01-11 22:24:29,554 [INFO] (Worker0) Executing shoot....
2026-01-11 22:24:31,307 [INFO] (Worker1) Shoot complete. Execution time: 0.0ms
2026-01-11 22:24:31,307 [INFO] (Worker1) FAILURE: starting from conf_index 1 and seed 1768195356
2026-01-11 22:24:31,307 [INFO] (Worker1) Chose starting configuration success_9.dat
2026-01-11 22:24:31,320 [INFO] (Worker1) Executing shoot....
2026-01-11 22:24:33,014 [INFO] (timer) runtime 90.00s: no successes yet (at 1)
2026-01-11 22:24:38,267 [INFO] (Worker1) Shoot complete. Execution time: 0.0ms
2026-01-11 22:24:38,267 [INFO] (Worker1) FAILURE: starting from conf_index 1 and seed 1768195366
2026-01-11 22:24:38,267 [INFO] (Worker1) Chose starting configuration success_3.dat
2026-01-11 22:24:38,289 [INFO] (Worker1) Executing shoot....
2026-01-11 22:24:43,014 [INFO] (timer) runtime 100.00s: no successes yet (at 1)
2026-01-11 22:24:46,773 [INFO] (Worker1) Shoot complete. Execution time: 0.0ms
2026-01-11 22:24:46,773 [INFO] (Worker1) FAILURE: starting from conf_index 1 and seed 1768195367
2026-01-11 22:24:46,774 [INFO] (Worker1) Chose starting configuration success_11.dat
2026-01-11 22:24:46,791 [INFO] (Worker1) Executing shoot....
2026-01-11 22:24:48,710 [INFO] (Worker3) Shoot complete. Execution time: 0.0ms
2026-01-11 22:24:48,710 [INFO] (Worker3) FAILURE: starting from conf_index 3 and seed 1768195361
2026-01-11 22:24:48,711 [INFO] (Worker3) Chose starting configuration success_5.dat
2026-01-11 22:24:48,735 [INFO] (Worker3) Executing shoot....
2026-01-11 22:24:52,637 [INFO] (Worker0) Shoot complete. Execution time: 0.0ms
2026-01-11 22:24:52,637 [INFO] (Worker0) FAILURE: starting from conf_index 0 and seed 1768195365
2026-01-11 22:24:52,638 [INFO] (Worker0) Chose starting configuration success_6.dat
2026-01-11 22:24:52,657 [INFO] (Worker0) Executing shoot....
2026-01-11 22:24:53,015 [INFO] (timer) runtime 110.00s: no successes yet (at 1)
2026-01-11 22:24:53,405 [INFO] (Worker2) Shoot complete. Execution time: 0.0ms
2026-01-11 22:24:53,406 [INFO] (Worker2) FAILURE: starting from conf_index 2 and seed 1768195363
2026-01-11 22:24:53,406 [INFO] (Worker2) Chose starting configuration success_3.dat
2026-01-11 22:24:53,423 [INFO] (Worker2) Executing shoot....
2026-01-11 22:24:56,320 [INFO] (Worker1) Shoot complete. Execution time: 0.0ms
2026-01-11 22:24:56,321 [INFO] (Worker1) FAILURE: starting from conf_index 1 and seed 1768195368
2026-01-11 22:24:56,321 [INFO] (Worker1) Chose starting configuration success_13.dat
2026-01-11 22:24:56,373 [INFO] (Worker1) Executing shoot....
2026-01-11 22:24:57,568 [INFO] (Worker2) Shoot complete. Execution time: 0.0ms
2026-01-11 22:24:57,568 [INFO] (Worker2) FAILURE: starting from conf_index 2 and seed 1768195371
2026-01-11 22:24:57,568 [INFO] (Worker2) Chose starting configuration success_7.dat
2026-01-11 22:24:57,586 [INFO] (Worker2) Executing shoot....
2026-01-11 22:25:03,015 [INFO] (timer) runtime 120.00s: no successes yet (at 1)
2026-01-11 22:25:03,760 [INFO] (Worker2) Shoot complete. Execution time: 0.0ms
2026-01-11 22:25:03,760 [INFO] (Worker2) FAILURE: starting from conf_index 2 and seed 1768195373
2026-01-11 22:25:03,760 [INFO] (Worker2) Chose starting configuration success_10.dat
2026-01-11 22:25:03,773 [INFO] (Worker2) Executing shoot....
2026-01-11 22:25:05,125 [INFO] (Worker2) Shoot complete. Execution time: 0.0ms
2026-01-11 22:25:05,126 [INFO] (Worker2) FAILURE: starting from conf_index 2 and seed 1768195374
2026-01-11 22:25:05,126 [INFO] (Worker2) Chose starting configuration success_5.dat
2026-01-11 22:25:05,143 [INFO] (Worker2) Executing shoot....
2026-01-11 22:25:07,491 [INFO] (Worker2) Shoot complete. Execution time: 0.0ms
2026-01-11 22:25:07,492 [INFO] (Worker2) FAILURE: starting from conf_index 2 and seed 1768195375
2026-01-11 22:25:07,492 [INFO] (Worker2) Chose starting configuration success_10.dat
2026-01-11 22:25:07,542 [INFO] (Worker2) Executing shoot....
2026-01-11 22:25:11,062 [INFO] (Worker3) Shoot complete. Execution time: 0.0ms
2026-01-11 22:25:11,063 [INFO] (Worker3) FAILURE: starting from conf_index 3 and seed 1768195369
2026-01-11 22:25:11,063 [INFO] (Worker3) Chose starting configuration success_11.dat
2026-01-11 22:25:11,076 [INFO] (Worker3) Executing shoot....
2026-01-11 22:25:11,094 [INFO] (Worker2) Shoot complete. Execution time: 0.0ms
2026-01-11 22:25:11,095 [INFO] (Worker2) FAILURE: starting from conf_index 2 and seed 1768195376
2026-01-11 22:25:11,095 [INFO] (Worker2) Chose starting configuration success_7.dat
2026-01-11 22:25:11,108 [INFO] (Worker2) Executing shoot....
2026-01-11 22:25:13,015 [INFO] (timer) runtime 130.01s: no successes yet (at 1)
2026-01-11 22:25:14,470 [INFO] (Worker0) Shoot complete. Execution time: 0.0ms
2026-01-11 22:25:14,471 [INFO] (Worker0) SUCCESS: starting from conf_index 5 and seed 1768195370
2026-01-11 22:25:14,471 [INFO] (Worker0) Chose starting configuration success_12.dat
2026-01-11 22:25:14,489 [INFO] (Worker0) Executing shoot....
2026-01-11 22:25:19,038 [INFO] (Worker0) Shoot complete. Execution time: 0.0ms
2026-01-11 22:25:19,039 [INFO] (Worker0) FAILURE: starting from conf_index 0 and seed 1768195379
2026-01-11 22:25:19,039 [INFO] (Worker0) Chose starting configuration success_10.dat
2026-01-11 22:25:19,052 [INFO] (Worker0) Executing shoot....
2026-01-11 22:25:23,016 [INFO] (timer) runtime 140.01s: successes: 2, time per success: 70.003s
2026-01-11 22:25:29,543 [INFO] (Worker0) Shoot complete. Execution time: 0.0ms
2026-01-11 22:25:29,543 [INFO] (Worker0) FAILURE: starting from conf_index 0 and seed 1768195380
2026-01-11 22:25:29,543 [INFO] (Worker0) Chose starting configuration success_12.dat
2026-01-11 22:25:29,561 [INFO] (Worker0) Executing shoot....
2026-01-11 22:25:33,016 [INFO] (timer) runtime 150.01s: successes: 2, time per success: 75.003s
2026-01-11 22:25:34,797 [INFO] (Worker0) Shoot complete. Execution time: 0.0ms
2026-01-11 22:25:34,797 [INFO] (Worker0) FAILURE: starting from conf_index 0 and seed 1768195381
2026-01-11 22:25:34,797 [INFO] (Worker0) Chose starting configuration success_5.dat
2026-01-11 22:25:34,815 [INFO] (Worker0) Executing shoot....
2026-01-11 22:25:43,017 [INFO] (timer) runtime 160.01s: successes: 2, time per success: 80.003s
2026-01-11 22:25:47,372 [INFO] (Worker2) Shoot complete. Execution time: 0.0ms
2026-01-11 22:25:47,373 [INFO] (Worker2) FAILURE: starting from conf_index 2 and seed 1768195378
2026-01-11 22:25:47,373 [INFO] (Worker2) Chose starting configuration success_5.dat
2026-01-11 22:25:47,386 [INFO] (Worker2) Executing shoot....
2026-01-11 22:25:52,523 [INFO] (Worker2) Shoot complete. Execution time: 0.0ms
2026-01-11 22:25:52,523 [INFO] (Worker2) FAILURE: starting from conf_index 2 and seed 1768195383
2026-01-11 22:25:52,523 [INFO] (Worker2) Chose starting configuration success_13.dat
2026-01-11 22:25:52,540 [INFO] (Worker2) Executing shoot....
2026-01-11 22:25:53,017 [INFO] (timer) runtime 170.01s: successes: 2, time per success: 85.004s
2026-01-11 22:25:53,196 [INFO] (Worker2) Shoot complete. Execution time: 0.0ms
2026-01-11 22:25:53,196 [INFO] (Worker2) FAILURE: starting from conf_index 2 and seed 1768195384
2026-01-11 22:25:53,197 [INFO] (Worker2) Chose starting configuration success_6.dat
2026-01-11 22:25:53,214 [INFO] (Worker2) Executing shoot....
2026-01-11 22:26:00,480 [INFO] (Worker0) Shoot complete. Execution time: 0.0ms
2026-01-11 22:26:00,481 [INFO] (Worker0) FAILURE: starting from conf_index 0 and seed 1768195382
2026-01-11 22:26:00,481 [INFO] (Worker0) Chose starting configuration success_13.dat
2026-01-11 22:26:00,494 [INFO] (Worker0) Executing shoot....
2026-01-11 22:26:02,366 [INFO] (Worker0) Shoot complete. Execution time: 0.0ms
2026-01-11 22:26:02,366 [INFO] (Worker0) FAILURE: starting from conf_index 0 and seed 1768195386
2026-01-11 22:26:02,366 [INFO] (Worker0) Chose starting configuration success_3.dat
2026-01-11 22:26:02,384 [INFO] (Worker0) Executing shoot....
2026-01-11 22:26:03,018 [INFO] (timer) runtime 180.01s: successes: 2, time per success: 90.004s
2026-01-11 22:26:10,687 [INFO] (Worker0) Shoot complete. Execution time: 0.0ms
2026-01-11 22:26:10,688 [INFO] (Worker0) SUCCESS: starting from conf_index 2 and seed 1768195387
2026-01-11 22:26:10,688 [INFO] (Worker0) Chose starting configuration success_11.dat
2026-01-11 22:26:10,706 [INFO] (Worker0) Executing shoot....
2026-01-11 22:26:13,018 [INFO] (timer) runtime 190.01s: successes: 3, time per success: 63.336s
2026-01-11 22:26:13,684 [INFO] (Worker1) Shoot complete. Execution time: 0.1ms
2026-01-11 22:26:13,685 [INFO] (Worker1) FAILURE: starting from conf_index 1 and seed 1768195372
2026-01-11 22:26:13,685 [INFO] (Worker1) Chose starting configuration success_6.dat
2026-01-11 22:26:13,699 [INFO] (Worker1) Executing shoot....
2026-01-11 22:26:14,017 [INFO] (Worker1) Shoot complete. Execution time: 0.0ms
2026-01-11 22:26:14,018 [INFO] (Worker1) FAILURE: starting from conf_index 1 and seed 1768195389
2026-01-11 22:26:14,018 [INFO] (Worker1) Chose starting configuration success_13.dat
2026-01-11 22:26:14,036 [INFO] (Worker1) Executing shoot....
2026-01-11 22:26:14,575 [INFO] (Worker2) Shoot complete. Execution time: 0.0ms
2026-01-11 22:26:14,575 [INFO] (Worker2) FAILURE: starting from conf_index 2 and seed 1768195385
2026-01-11 22:26:14,575 [INFO] (Worker2) Chose starting configuration success_12.dat
2026-01-11 22:26:14,593 [INFO] (Worker2) Executing shoot....
2026-01-11 22:26:20,878 [INFO] (Worker2) Shoot complete. Execution time: 0.0ms
2026-01-11 22:26:20,878 [INFO] (Worker2) FAILURE: starting from conf_index 2 and seed 1768195391
2026-01-11 22:26:20,879 [INFO] (Worker2) Chose starting configuration success_8.dat
2026-01-11 22:26:20,896 [INFO] (Worker2) Executing shoot....
2026-01-11 22:26:23,018 [INFO] (timer) runtime 200.01s: successes: 3, time per success: 66.669s
2026-01-11 22:26:29,571 [INFO] (Worker3) Shoot complete. Execution time: 0.1ms
2026-01-11 22:26:29,571 [INFO] (Worker3) FAILURE: starting from conf_index 3 and seed 1768195377
2026-01-11 22:26:29,572 [INFO] (Worker3) Chose starting configuration success_10.dat
2026-01-11 22:26:29,585 [INFO] (Worker3) Executing shoot....
2026-01-11 22:26:31,028 [INFO] (Worker3) Shoot complete. Execution time: 0.0ms
2026-01-11 22:26:31,028 [INFO] (Worker3) FAILURE: starting from conf_index 3 and seed 1768195393
2026-01-11 22:26:31,029 [INFO] (Worker3) Chose starting configuration success_11.dat
2026-01-11 22:26:31,046 [INFO] (Worker3) Executing shoot....
2026-01-11 22:26:31,805 [INFO] (Worker1) Shoot complete. Execution time: 0.0ms
2026-01-11 22:26:31,806 [INFO] (Worker1) SUCCESS: starting from conf_index 12 and seed 1768195390
2026-01-11 22:26:31,806 [INFO] (Worker1) Chose starting configuration success_13.dat
2026-01-11 22:26:31,824 [INFO] (Worker1) Executing shoot....
2026-01-11 22:26:33,019 [INFO] (timer) runtime 210.01s: successes: 4, time per success: 52.502s
2026-01-11 22:26:33,331 [INFO] (Worker1) Shoot complete. Execution time: 0.0ms
2026-01-11 22:26:33,331 [INFO] (Worker1) FAILURE: starting from conf_index 1 and seed 1768195395
2026-01-11 22:26:33,331 [INFO] (Worker1) Chose starting configuration success_1.dat
2026-01-11 22:26:33,349 [INFO] (Worker1) Executing shoot....
2026-01-11 22:26:33,655 [INFO] (Worker3) Shoot complete. Execution time: 0.0ms
2026-01-11 22:26:33,655 [INFO] (Worker3) FAILURE: starting from conf_index 3 and seed 1768195394
2026-01-11 22:26:33,655 [INFO] (Worker3) Chose starting configuration success_13.dat
2026-01-11 22:26:33,673 [INFO] (Worker3) Executing shoot....
2026-01-11 22:26:34,287 [INFO] (Worker2) Shoot complete. Execution time: 0.0ms
2026-01-11 22:26:34,287 [INFO] (Worker2) FAILURE: starting from conf_index 2 and seed 1768195392
2026-01-11 22:26:34,288 [INFO] (Worker2) Chose starting configuration success_7.dat
2026-01-11 22:26:34,311 [INFO] (Worker2) Executing shoot....
2026-01-11 22:26:34,837 [INFO] (Worker1) Shoot complete. Execution time: 0.0ms
2026-01-11 22:26:34,837 [INFO] (Worker1) FAILURE: starting from conf_index 1 and seed 1768195396
2026-01-11 22:26:34,837 [INFO] (Worker1) Chose starting configuration success_3.dat
2026-01-11 22:26:34,855 [INFO] (Worker1) Executing shoot....
2026-01-11 22:26:41,010 [INFO] (Worker3) Shoot complete. Execution time: 0.0ms
2026-01-11 22:26:41,011 [INFO] (Worker3) FAILURE: starting from conf_index 3 and seed 1768195397
2026-01-11 22:26:41,011 [INFO] (Worker3) Chose starting configuration success_3.dat
2026-01-11 22:26:41,025 [INFO] (Worker3) Executing shoot....
2026-01-11 22:26:43,019 [INFO] (timer) runtime 220.01s: successes: 4, time per success: 55.002s
2026-01-11 22:26:49,368 [INFO] (Worker3) Shoot complete. Execution time: 0.0ms
2026-01-11 22:26:49,369 [INFO] (Worker3) SUCCESS: starting from conf_index 2 and seed 1768195400
2026-01-11 22:26:49,370 [INFO] (Worker3) Chose starting configuration success_2.dat
2026-01-11 22:26:49,387 [INFO] (Worker3) Executing shoot....
2026-01-11 22:26:50,443 [INFO] (Worker2) Shoot complete. Execution time: 0.0ms
2026-01-11 22:26:50,443 [INFO] (Worker2) FAILURE: starting from conf_index 2 and seed 1768195398
2026-01-11 22:26:50,443 [INFO] (Worker2) Chose starting configuration success_2.dat
2026-01-11 22:26:50,461 [INFO] (Worker2) Executing shoot....
2026-01-11 22:26:53,020 [INFO] (timer) runtime 230.01s: successes: 5, time per success: 46.002s
2026-01-11 22:26:56,038 [INFO] (Worker2) Shoot complete. Execution time: 0.0ms
2026-01-11 22:26:56,039 [INFO] (Worker2) SUCCESS: starting from conf_index 1 and seed 1768195402
2026-01-11 22:26:56,039 [INFO] (Worker2) Chose starting configuration success_2.dat
2026-01-11 22:26:56,057 [INFO] (Worker2) Executing shoot....
2026-01-11 22:26:58,824 [INFO] (Worker1) Shoot complete. Execution time: 0.0ms
2026-01-11 22:26:58,825 [INFO] (Worker1) FAILURE: starting from conf_index 1 and seed 1768195399
2026-01-11 22:26:58,825 [INFO] (Worker1) Chose starting configuration success_1.dat
2026-01-11 22:26:58,839 [INFO] (Worker1) Executing shoot....
2026-01-11 22:27:02,149 [INFO] (Worker1) Shoot complete. Execution time: 0.0ms
2026-01-11 22:27:02,150 [INFO] (Worker1) FAILURE: starting from conf_index 1 and seed 1768195404
2026-01-11 22:27:02,150 [INFO] (Worker1) Chose starting configuration success_2.dat
2026-01-11 22:27:02,170 [INFO] (Worker1) Executing shoot....
2026-01-11 22:27:03,020 [INFO] (timer) runtime 240.01s: successes: 6, time per success: 40.002s
2026-01-11 22:27:04,826 [INFO] (Worker0) Shoot complete. Execution time: 0.1ms
2026-01-11 22:27:04,826 [INFO] (Worker0) FAILURE: starting from conf_index 0 and seed 1768195388
2026-01-11 22:27:04,826 [INFO] (Worker0) Chose starting configuration success_5.dat
2026-01-11 22:27:04,840 [INFO] (Worker0) Executing shoot....
2026-01-11 22:27:13,020 [INFO] (timer) runtime 250.01s: successes: 6, time per success: 41.668s
2026-01-11 22:27:23,021 [INFO] (timer) runtime 260.01s: successes: 6, time per success: 43.335s
2026-01-11 22:27:23,496 [INFO] (Worker1) Shoot complete. Execution time: 0.0ms
2026-01-11 22:27:23,496 [INFO] (Worker1) FAILURE: starting from conf_index 1 and seed 1768195405
2026-01-11 22:27:23,496 [INFO] (Worker1) Chose starting configuration success_6.dat
2026-01-11 22:27:23,514 [INFO] (Worker1) Executing shoot....
2026-01-11 22:27:26,514 [INFO] (Worker2) Shoot complete. Execution time: 0.0ms
2026-01-11 22:27:26,514 [INFO] (Worker2) FAILURE: starting from conf_index 2 and seed 1768195403
2026-01-11 22:27:26,515 [INFO] (Worker2) Chose starting configuration success_4.dat
2026-01-11 22:27:26,528 [INFO] (Worker2) Executing shoot....
2026-01-11 22:27:33,021 [INFO] (timer) runtime 270.01s: successes: 6, time per success: 45.002s
2026-01-11 22:27:37,712 [INFO] (Worker2) Shoot complete. Execution time: 0.0ms
2026-01-11 22:27:37,713 [INFO] (Worker2) SUCCESS: starting from conf_index 3 and seed 1768195408
2026-01-11 22:27:37,713 [INFO] (Worker2) Chose starting configuration success_11.dat
2026-01-11 22:27:37,730 [INFO] (Worker2) Executing shoot....
2026-01-11 22:27:43,022 [INFO] (timer) runtime 280.01s: successes: 7, time per success: 40.002s
2026-01-11 22:27:43,365 [INFO] (Worker1) Shoot complete. Execution time: 0.0ms
2026-01-11 22:27:43,366 [INFO] (Worker1) FAILURE: starting from conf_index 1 and seed 1768195407
2026-01-11 22:27:43,366 [INFO] (Worker1) Chose starting configuration success_4.dat
2026-01-11 22:27:43,383 [INFO] (Worker1) Executing shoot....
2026-01-11 22:27:46,456 [INFO] (Worker2) Shoot complete. Execution time: 0.0ms
2026-01-11 22:27:46,457 [INFO] (Worker2) FAILURE: starting from conf_index 2 and seed 1768195409
2026-01-11 22:27:46,457 [INFO] (Worker2) Chose starting configuration success_1.dat
2026-01-11 22:27:46,475 [INFO] (Worker2) Executing shoot....
2026-01-11 22:27:53,022 [INFO] (timer) runtime 290.01s: successes: 7, time per success: 41.430s
2026-01-11 22:27:55,056 [INFO] (Worker2) Shoot complete. Execution time: 0.0ms
2026-01-11 22:27:55,057 [INFO] (Worker2) FAILURE: starting from conf_index 2 and seed 1768195411
2026-01-11 22:27:55,057 [INFO] (Worker2) Chose starting configuration success_5.dat
2026-01-11 22:27:55,075 [INFO] (Worker2) Executing shoot....
2026-01-11 22:27:55,333 [INFO] (Worker0) Shoot complete. Execution time: 0.1ms
2026-01-11 22:27:55,333 [INFO] (Worker0) FAILURE: starting from conf_index 0 and seed 1768195406
2026-01-11 22:27:55,334 [INFO] (Worker0) Chose starting configuration success_4.dat
2026-01-11 22:27:55,347 [INFO] (Worker0) Executing shoot....
2026-01-11 22:27:57,467 [INFO] (Worker0) Shoot complete. Execution time: 0.0ms
2026-01-11 22:27:57,467 [INFO] (Worker0) FAILURE: starting from conf_index 0 and seed 1768195413
2026-01-11 22:27:57,467 [INFO] (Worker0) Chose starting configuration success_7.dat
2026-01-11 22:27:57,517 [INFO] (Worker0) Executing shoot....
2026-01-11 22:28:01,699 [INFO] (Worker3) Shoot complete. Execution time: 0.1ms
2026-01-11 22:28:01,700 [INFO] (Worker3) FAILURE: starting from conf_index 3 and seed 1768195401
2026-01-11 22:28:01,700 [INFO] (Worker3) Chose starting configuration success_4.dat
2026-01-11 22:28:01,713 [INFO] (Worker3) Executing shoot....
2026-01-11 22:28:03,022 [INFO] (timer) runtime 300.01s: successes: 7, time per success: 42.859s
2026-01-11 22:28:03,023 [INFO] (timer) Saving attempt & success info...
2026-01-11 22:28:06,626 [INFO] (Worker1) Shoot complete. Execution time: 0.0ms
2026-01-11 22:28:06,627 [INFO] (Worker1) SUCCESS: starting from conf_index 3 and seed 1768195410
2026-01-11 22:28:06,627 [INFO] (Worker1) Chose starting configuration success_1.dat
2026-01-11 22:28:06,669 [INFO] (Worker1) Executing shoot....
2026-01-11 22:28:12,990 [INFO] (Worker2) Shoot complete. Execution time: 0.0ms
2026-01-11 22:28:12,991 [INFO] (Worker2) FAILURE: starting from conf_index 2 and seed 1768195412
2026-01-11 22:28:12,991 [INFO] (Worker2) Chose starting configuration success_6.dat
2026-01-11 22:28:13,011 [INFO] (Worker2) Executing shoot....
2026-01-11 22:28:13,030 [INFO] (timer) runtime 310.02s: successes: 8, time per success: 38.753s
2026-01-11 22:28:16,050 [INFO] (Worker3) Shoot complete. Execution time: 0.0ms
2026-01-11 22:28:16,050 [INFO] (Worker3) FAILURE: starting from conf_index 3 and seed 1768195415
2026-01-11 22:28:16,050 [INFO] (Worker3) Chose starting configuration success_12.dat
2026-01-11 22:28:16,071 [INFO] (Worker3) Executing shoot....
2026-01-11 22:28:18,450 [INFO] (Worker3) Shoot complete. Execution time: 0.0ms
2026-01-11 22:28:18,451 [INFO] (Worker3) FAILURE: starting from conf_index 3 and seed 1768195418
2026-01-11 22:28:18,451 [INFO] (Worker3) Chose starting configuration success_6.dat
2026-01-11 22:28:18,468 [INFO] (Worker3) Executing shoot....
2026-01-11 22:28:19,621 [INFO] (Worker3) Shoot complete. Execution time: 0.0ms
2026-01-11 22:28:19,622 [INFO] (Worker3) FAILURE: starting from conf_index 3 and seed 1768195419
2026-01-11 22:28:19,622 [INFO] (Worker3) Chose starting configuration success_4.dat
2026-01-11 22:28:19,647 [INFO] (Worker3) Executing shoot....
2026-01-11 22:28:20,718 [INFO] (Worker2) Shoot complete. Execution time: 0.0ms
2026-01-11 22:28:20,719 [INFO] (Worker2) SUCCESS: starting from conf_index 5 and seed 1768195417
2026-01-11 22:28:20,719 [INFO] (Worker2) Chose starting configuration success_13.dat
2026-01-11 22:28:20,732 [INFO] (Worker2) Executing shoot....
2026-01-11 22:28:23,031 [INFO] (timer) runtime 320.02s: successes: 9, time per success: 35.558s
2026-01-11 22:28:28,881 [INFO] (Worker1) Shoot complete. Execution time: 0.0ms
2026-01-11 22:28:28,882 [INFO] (Worker1) FAILURE: starting from conf_index 1 and seed 1768195416
2026-01-11 22:28:28,882 [INFO] (Worker1) Chose starting configuration success_8.dat
2026-01-11 22:28:28,901 [INFO] (Worker1) Executing shoot....
2026-01-11 22:28:29,691 [INFO] (Worker2) Shoot complete. Execution time: 0.0ms
2026-01-11 22:28:29,692 [INFO] (Worker2) FAILURE: starting from conf_index 2 and seed 1768195421
2026-01-11 22:28:29,692 [INFO] (Worker2) Chose starting configuration success_10.dat
2026-01-11 22:28:29,711 [INFO] (Worker2) Executing shoot....
2026-01-11 22:28:30,402 [INFO] (Worker2) Shoot complete. Execution time: 0.0ms
2026-01-11 22:28:30,403 [INFO] (Worker2) FAILURE: starting from conf_index 2 and seed 1768195423
2026-01-11 22:28:30,403 [INFO] (Worker2) Chose starting configuration success_1.dat
2026-01-11 22:28:30,422 [INFO] (Worker2) Executing shoot....
2026-01-11 22:28:33,031 [INFO] (timer) runtime 330.02s: successes: 9, time per success: 36.669s
2026-01-11 22:28:35,529 [INFO] (Worker2) Shoot complete. Execution time: 0.0ms
2026-01-11 22:28:35,529 [INFO] (Worker2) FAILURE: starting from conf_index 2 and seed 1768195424
2026-01-11 22:28:35,530 [INFO] (Worker2) Chose starting configuration success_11.dat
2026-01-11 22:28:35,580 [INFO] (Worker2) Executing shoot....
2026-01-11 22:28:36,652 [INFO] (Worker1) Shoot complete. Execution time: 0.0ms
2026-01-11 22:28:36,652 [INFO] (Worker1) FAILURE: starting from conf_index 1 and seed 1768195422
2026-01-11 22:28:36,653 [INFO] (Worker1) Chose starting configuration success_10.dat
2026-01-11 22:28:36,674 [INFO] (Worker1) Executing shoot....
2026-01-11 22:28:39,062 [INFO] (Worker1) Shoot complete. Execution time: 0.0ms
2026-01-11 22:28:39,062 [INFO] (Worker1) FAILURE: starting from conf_index 1 and seed 1768195426
2026-01-11 22:28:39,062 [INFO] (Worker1) Chose starting configuration success_9.dat
2026-01-11 22:28:39,081 [INFO] (Worker1) Executing shoot....
2026-01-11 22:28:43,031 [INFO] (timer) runtime 340.02s: successes: 9, time per success: 37.780s
2026-01-11 22:28:53,032 [INFO] (timer) runtime 350.02s: successes: 9, time per success: 38.891s
2026-01-11 22:28:57,572 [INFO] (Worker3) Shoot complete. Execution time: 0.0ms
2026-01-11 22:28:57,573 [INFO] (Worker3) FAILURE: starting from conf_index 3 and seed 1768195420
2026-01-11 22:28:57,573 [INFO] (Worker3) Chose starting configuration success_6.dat
2026-01-11 22:28:57,588 [INFO] (Worker3) Executing shoot....
2026-01-11 22:29:03,032 [INFO] (timer) runtime 360.02s: successes: 9, time per success: 40.002s
2026-01-11 22:29:06,003 [INFO] (Worker2) Shoot complete. Execution time: 0.0ms
2026-01-11 22:29:06,003 [INFO] (Worker2) FAILURE: starting from conf_index 2 and seed 1768195425
2026-01-11 22:29:06,004 [INFO] (Worker2) Chose starting configuration success_7.dat
2026-01-11 22:29:06,022 [INFO] (Worker2) Executing shoot....
2026-01-11 22:29:12,904 [INFO] (Worker1) Shoot complete. Execution time: 0.0ms
2026-01-11 22:29:12,904 [INFO] (Worker1) FAILURE: starting from conf_index 1 and seed 1768195427
2026-01-11 22:29:12,905 [INFO] (Worker1) Chose starting configuration success_7.dat
2026-01-11 22:29:12,919 [INFO] (Worker1) Executing shoot....
2026-01-11 22:29:13,033 [INFO] (timer) runtime 370.02s: successes: 9, time per success: 41.114s
2026-01-11 22:29:17,861 [INFO] (Worker0) Shoot complete. Execution time: 0.1ms
2026-01-11 22:29:17,861 [INFO] (Worker0) FAILURE: starting from conf_index 0 and seed 1768195414
2026-01-11 22:29:17,862 [INFO] (Worker0) Chose starting configuration success_7.dat
2026-01-11 22:29:17,876 [INFO] (Worker0) Executing shoot....
2026-01-11 22:29:19,078 [INFO] (Worker1) Shoot complete. Execution time: 0.0ms
2026-01-11 22:29:19,079 [INFO] (Worker1) SUCCESS: starting from conf_index 6 and seed 1768195430
2026-01-11 22:29:19,079 [INFO] (Worker1) Chose starting configuration success_5.dat
2026-01-11 22:29:19,098 [INFO] (Worker1) Executing shoot....
2026-01-11 22:29:19,414 [INFO] (Worker3) Shoot complete. Execution time: 0.0ms
2026-01-11 22:29:19,414 [INFO] (Worker3) FAILURE: starting from conf_index 3 and seed 1768195428
2026-01-11 22:29:19,415 [INFO] (Worker3) Chose starting configuration success_7.dat
2026-01-11 22:29:19,433 [INFO] (Worker3) Executing shoot....
2026-01-11 22:29:21,324 [INFO] (Worker2) Shoot complete. Execution time: 0.0ms
2026-01-11 22:29:21,325 [INFO] (Worker2) FAILURE: starting from conf_index 2 and seed 1768195429
2026-01-11 22:29:21,325 [INFO] (Worker2) Chose starting configuration success_10.dat
2026-01-11 22:29:21,343 [INFO] (Worker2) Executing shoot....
2026-01-11 22:29:23,033 [INFO] (timer) runtime 380.02s: successes: 10, time per success: 38.002s
2026-01-11 22:29:29,496 [INFO] (Worker2) Shoot complete. Execution time: 0.0ms
2026-01-11 22:29:29,497 [INFO] (Worker2) FAILURE: starting from conf_index 2 and seed 1768195434
2026-01-11 22:29:29,497 [INFO] (Worker2) Chose starting configuration success_9.dat
2026-01-11 22:29:29,523 [INFO] (Worker2) Executing shoot....
2026-01-11 22:29:33,034 [INFO] (timer) runtime 390.02s: successes: 10, time per success: 39.002s
2026-01-11 22:29:36,224 [INFO] (Worker0) Shoot complete. Execution time: 0.0ms
2026-01-11 22:29:36,225 [INFO] (Worker0) SUCCESS: starting from conf_index 6 and seed 1768195431
2026-01-11 22:29:36,226 [INFO] (Worker0) Chose starting configuration success_5.dat
2026-01-11 22:29:36,229 [INFO] (Worker3) Shoot complete. Execution time: 0.0ms
2026-01-11 22:29:36,229 [INFO] (Worker3) SUCCESS: starting from conf_index 6 and seed 1768195433
2026-01-11 22:29:36,230 [INFO] (Worker3) Reached desired success count 12. Worker 3 returning
2026-01-11 22:29:36,230 [INFO] (Worker3) [Worker 3] Alive threads at exit: ['MainThread', 'pydevd.Writer', 'pydevd.Reader', 'pydevd.CommandThread', 'pydevd.CheckAliveThread', 'QueueFeederThread', 'QueueFeederThread']
2026-01-11 22:29:36,244 [INFO] (Worker0) Executing shoot....
2026-01-11 22:29:43,034 [INFO] (timer) runtime 400.02s: successes: 12, time per success: 33.335s
2026-01-11 22:29:48,960 [INFO] (Worker1) Shoot complete. Execution time: 0.0ms
2026-01-11 22:29:48,960 [INFO] (Worker1) FAILURE: starting from conf_index 1 and seed 1768195432
2026-01-11 22:29:48,960 [INFO] (Worker1) Reached desired success count 12. Worker 1 returning
2026-01-11 22:29:48,961 [INFO] (Worker1) [Worker 1] Alive threads at exit: ['MainThread', 'pydevd.Writer', 'pydevd.Reader', 'pydevd.CommandThread', 'pydevd.CheckAliveThread', 'QueueFeederThread', 'QueueFeederThread']
2026-01-11 22:29:51,840 [INFO] (Worker0) Shoot complete. Execution time: 0.0ms
2026-01-11 22:29:51,840 [INFO] (Worker0) FAILURE: starting from conf_index 0 and seed 1768195436
2026-01-11 22:29:51,840 [INFO] (Worker0) Reached desired success count 12. Worker 0 returning
2026-01-11 22:29:51,840 [INFO] (Worker0) [Worker 0] Alive threads at exit: ['MainThread', 'pydevd.Writer', 'pydevd.Reader', 'pydevd.CommandThread', 'pydevd.CheckAliveThread', 'QueueFeederThread', 'QueueFeederThread']
2026-01-11 22:29:53,034 [INFO] (timer) runtime 410.02s: successes: 12, time per success: 34.169s
2026-01-11 22:30:03,035 [INFO] (timer) runtime 420.02s: successes: 12, time per success: 35.002s
2026-01-11 22:30:13,035 [INFO] (timer) runtime 430.02s: successes: 12, time per success: 35.835s
2026-01-11 22:30:17,562 [INFO] (Worker2) Shoot complete. Execution time: 0.0ms
2026-01-11 22:30:17,563 [INFO] (Worker2) SUCCESS: starting from conf_index 8 and seed 1768195435
2026-01-11 22:30:17,563 [INFO] (Worker2) Reached desired success count 12. Worker 2 returning
2026-01-11 22:30:17,563 [INFO] (Worker2) [Worker 2] Alive threads at exit: ['MainThread', 'pydevd.Writer', 'pydevd.Reader', 'pydevd.CommandThread', 'pydevd.CheckAliveThread', 'QueueFeederThread', 'QueueFeederThread']
2026-01-11 22:30:17,875 [INFO] (main) Terminating timer
2026-01-11 22:30:17,875 [INFO] (main) ## log of successes probabilities from each starting conf
2026-01-11 22:30:17,879 [INFO] (main) # shoot3 SUMMARY
2026-01-11 22:30:17,879 [INFO] (main) # nsuccesses: 13 nattempts: 102 success_prob: 0.12745098039215685 undetermined: 0
2026-02-04 19:15:02,586 [INFO] (main) Starting shoot3 procedure
2026-02-04 19:15:02,591 [INFO] (main) We already have enough successes! moving on
