2026-01-11 22:22:25,649 [INFO] (main) Starting shoot1 procedure
2026-01-11 22:22:25,651 [INFO] (main) Found 12 starting confs
2026-01-11 22:22:25,655 [INFO] (main) starting processes...
2026-01-11 22:22:25,671 [INFO] (main) waiting for processes to finish
2026-01-11 22:22:25,759 [INFO] (timer) Timer started at Sun Jan 11 22:22:25 2026
2026-01-11 22:22:25,761 [INFO] (Worker0) Worker 0 started
2026-01-11 22:22:25,762 [INFO] (Worker0) Chose starting configuration success_2.dat
2026-01-11 22:22:25,767 [INFO] (Worker1) Worker 1 started
2026-01-11 22:22:25,767 [INFO] (Worker1) Chose starting configuration success_12.dat
2026-01-11 22:22:25,772 [INFO] (Worker2) Worker 2 started
2026-01-11 22:22:25,772 [INFO] (Worker2) Chose starting configuration success_4.dat
2026-01-11 22:22:25,775 [INFO] (Worker3) Worker 3 started
2026-01-11 22:22:25,776 [INFO] (Worker3) Chose starting configuration success_2.dat
2026-01-11 22:22:25,779 [INFO] (Worker0) Executing shoot....
2026-01-11 22:22:25,780 [INFO] (Worker1) Executing shoot....
2026-01-11 22:22:25,786 [INFO] (Worker2) Executing shoot....
2026-01-11 22:22:25,789 [INFO] (Worker3) Executing shoot....
2026-01-11 22:22:25,809 [INFO] (Worker1) Shoot complete. Execution time: 0.0ms
2026-01-11 22:22:25,810 [INFO] (Worker1) FAILURE: starting from conf_index 1 and seed 1768195336
2026-01-11 22:22:25,810 [INFO] (Worker1) Chose starting configuration success_7.dat
2026-01-11 22:22:25,822 [INFO] (Worker1) Executing shoot....
2026-01-11 22:22:25,826 [INFO] (Worker2) Shoot complete. Execution time: 0.0ms
2026-01-11 22:22:25,826 [INFO] (Worker2) FAILURE: starting from conf_index 2 and seed 1768195337
2026-01-11 22:22:25,826 [INFO] (Worker2) Chose starting configuration success_3.dat
2026-01-11 22:22:25,835 [INFO] (Worker1) Shoot complete. Execution time: 0.0ms
2026-01-11 22:22:25,836 [INFO] (Worker1) FAILURE: starting from conf_index 1 and seed 1768195339
2026-01-11 22:22:25,836 [INFO] (Worker1) Chose starting configuration success_5.dat
2026-01-11 22:22:25,838 [INFO] (Worker2) Executing shoot....
2026-01-11 22:22:25,847 [INFO] (Worker1) Executing shoot....
2026-01-11 22:22:25,854 [INFO] (Worker2) Shoot complete. Execution time: 0.0ms
2026-01-11 22:22:25,855 [INFO] (Worker2) FAILURE: starting from conf_index 2 and seed 1768195340
2026-01-11 22:22:25,855 [INFO] (Worker2) Chose starting configuration success_7.dat
2026-01-11 22:22:25,858 [INFO] (Worker0) Shoot complete. Execution time: 0.0ms
2026-01-11 22:22:25,858 [INFO] (Worker0) FAILURE: starting from conf_index 0 and seed 1768195335
2026-01-11 22:22:25,858 [INFO] (Worker0) Chose starting configuration success_11.dat
2026-01-11 22:22:25,867 [INFO] (Worker2) Executing shoot....
2026-01-11 22:22:25,873 [INFO] (Worker0) Executing shoot....
2026-01-11 22:22:25,884 [INFO] (Worker2) Shoot complete. Execution time: 0.0ms
2026-01-11 22:22:25,884 [INFO] (Worker2) FAILURE: starting from conf_index 2 and seed 1768195342
2026-01-11 22:22:25,885 [INFO] (Worker2) Chose starting configuration success_9.dat
2026-01-11 22:22:25,888 [INFO] (Worker1) Shoot complete. Execution time: 0.0ms
2026-01-11 22:22:25,889 [INFO] (Worker0) Shoot complete. Execution time: 0.0ms
2026-01-11 22:22:25,889 [INFO] (Worker1) FAILURE: starting from conf_index 1 and seed 1768195341
2026-01-11 22:22:25,889 [INFO] (Worker1) Chose starting configuration success_4.dat
2026-01-11 22:22:25,889 [INFO] (Worker0) FAILURE: starting from conf_index 0 and seed 1768195343
2026-01-11 22:22:25,889 [INFO] (Worker0) Chose starting configuration success_11.dat
2026-01-11 22:22:25,897 [INFO] (Worker2) Executing shoot....
2026-01-11 22:22:25,900 [INFO] (Worker1) Executing shoot....
2026-01-11 22:22:25,901 [INFO] (Worker0) Executing shoot....
2026-01-11 22:22:25,914 [INFO] (Worker0) Shoot complete. Execution time: 0.0ms
2026-01-11 22:22:25,914 [INFO] (Worker0) FAILURE: starting from conf_index 0 and seed 1768195346
2026-01-11 22:22:25,915 [INFO] (Worker0) Chose starting configuration success_10.dat
2026-01-11 22:22:25,926 [INFO] (Worker0) Executing shoot....
2026-01-11 22:22:25,931 [INFO] (Worker2) Shoot complete. Execution time: 0.0ms
2026-01-11 22:22:25,932 [INFO] (Worker2) FAILURE: starting from conf_index 2 and seed 1768195344
2026-01-11 22:22:25,932 [INFO] (Worker2) Chose starting configuration success_7.dat
2026-01-11 22:22:25,943 [INFO] (Worker2) Executing shoot....
2026-01-11 22:22:25,943 [INFO] (Worker3) Shoot complete. Execution time: 0.0ms
2026-01-11 22:22:25,943 [INFO] (Worker3) FAILURE: starting from conf_index 3 and seed 1768195338
2026-01-11 22:22:25,944 [INFO] (Worker3) Chose starting configuration success_2.dat
2026-01-11 22:22:25,952 [INFO] (Worker1) Shoot complete. Execution time: 0.0ms
2026-01-11 22:22:25,953 [INFO] (Worker1) SUCCESS: starting from conf_index 3 and seed 1768195345
2026-01-11 22:22:25,953 [INFO] (Worker1) Chose starting configuration success_6.dat
2026-01-11 22:22:25,956 [INFO] (Worker2) Shoot complete. Execution time: 0.0ms
2026-01-11 22:22:25,956 [INFO] (Worker2) FAILURE: starting from conf_index 2 and seed 1768195348
2026-01-11 22:22:25,956 [INFO] (Worker2) Chose starting configuration success_9.dat
2026-01-11 22:22:25,957 [INFO] (Worker3) Executing shoot....
2026-01-11 22:22:25,964 [INFO] (Worker1) Executing shoot....
2026-01-11 22:22:25,967 [INFO] (Worker2) Executing shoot....
2026-01-11 22:22:25,992 [INFO] (Worker0) Shoot complete. Execution time: 0.0ms
2026-01-11 22:22:25,992 [INFO] (Worker0) FAILURE: starting from conf_index 0 and seed 1768195347
2026-01-11 22:22:25,993 [INFO] (Worker0) Chose starting configuration success_3.dat
2026-01-11 22:22:25,994 [INFO] (Worker2) Shoot complete. Execution time: 0.0ms
2026-01-11 22:22:25,995 [INFO] (Worker2) FAILURE: starting from conf_index 2 and seed 1768195351
2026-01-11 22:22:25,995 [INFO] (Worker2) Chose starting configuration success_10.dat
2026-01-11 22:22:26,004 [INFO] (Worker0) Executing shoot....
2026-01-11 22:22:26,006 [INFO] (Worker2) Executing shoot....
2026-01-11 22:22:26,017 [INFO] (Worker0) Shoot complete. Execution time: 0.0ms
2026-01-11 22:22:26,018 [INFO] (Worker0) FAILURE: starting from conf_index 0 and seed 1768195352
2026-01-11 22:22:26,018 [INFO] (Worker0) Chose starting configuration success_5.dat
2026-01-11 22:22:26,028 [INFO] (Worker2) Shoot complete. Execution time: 0.0ms
2026-01-11 22:22:26,028 [INFO] (Worker2) FAILURE: starting from conf_index 2 and seed 1768195353
2026-01-11 22:22:26,028 [INFO] (Worker2) Chose starting configuration success_7.dat
2026-01-11 22:22:26,029 [INFO] (Worker0) Executing shoot....
2026-01-11 22:22:26,030 [INFO] (Worker1) Shoot complete. Execution time: 0.0ms
2026-01-11 22:22:26,031 [INFO] (Worker1) FAILURE: starting from conf_index 1 and seed 1768195350
2026-01-11 22:22:26,031 [INFO] (Worker1) Chose starting configuration success_7.dat
2026-01-11 22:22:26,034 [INFO] (Worker3) Shoot complete. Execution time: 0.0ms
2026-01-11 22:22:26,034 [INFO] (Worker3) FAILURE: starting from conf_index 3 and seed 1768195349
2026-01-11 22:22:26,034 [INFO] (Worker3) Chose starting configuration success_7.dat
2026-01-11 22:22:26,040 [INFO] (Worker2) Executing shoot....
2026-01-11 22:22:26,042 [INFO] (Worker1) Executing shoot....
2026-01-11 22:22:26,045 [INFO] (Worker3) Executing shoot....
2026-01-11 22:22:26,055 [INFO] (Worker2) Shoot complete. Execution time: 0.0ms
2026-01-11 22:22:26,055 [INFO] (Worker2) FAILURE: starting from conf_index 2 and seed 1768195355
2026-01-11 22:22:26,055 [INFO] (Worker2) Chose starting configuration success_11.dat
2026-01-11 22:22:26,058 [INFO] (Worker1) Shoot complete. Execution time: 0.0ms
2026-01-11 22:22:26,058 [INFO] (Worker1) FAILURE: starting from conf_index 1 and seed 1768195356
2026-01-11 22:22:26,058 [INFO] (Worker1) Chose starting configuration success_8.dat
2026-01-11 22:22:26,068 [INFO] (Worker3) Shoot complete. Execution time: 0.0ms
2026-01-11 22:22:26,069 [INFO] (Worker3) FAILURE: starting from conf_index 3 and seed 1768195357
2026-01-11 22:22:26,069 [INFO] (Worker3) Chose starting configuration success_9.dat
2026-01-11 22:22:26,069 [INFO] (Worker2) Executing shoot....
2026-01-11 22:22:26,072 [INFO] (Worker1) Executing shoot....
2026-01-11 22:22:26,085 [INFO] (Worker2) Shoot complete. Execution time: 0.0ms
2026-01-11 22:22:26,086 [INFO] (Worker2) FAILURE: starting from conf_index 2 and seed 1768195358
2026-01-11 22:22:26,086 [INFO] (Worker2) Chose starting configuration success_5.dat
2026-01-11 22:22:26,089 [INFO] (Worker3) Executing shoot....
2026-01-11 22:22:26,098 [INFO] (Worker2) Executing shoot....
2026-01-11 22:22:26,105 [INFO] (Worker1) Shoot complete. Execution time: 0.0ms
2026-01-11 22:22:26,106 [INFO] (Worker1) FAILURE: starting from conf_index 1 and seed 1768195359
2026-01-11 22:22:26,106 [INFO] (Worker1) Chose starting configuration success_10.dat
2026-01-11 22:22:26,118 [INFO] (Worker1) Executing shoot....
2026-01-11 22:22:26,124 [INFO] (Worker3) Shoot complete. Execution time: 0.0ms
2026-01-11 22:22:26,125 [INFO] (Worker3) FAILURE: starting from conf_index 3 and seed 1768195360
2026-01-11 22:22:26,125 [INFO] (Worker3) Chose starting configuration success_11.dat
2026-01-11 22:22:26,136 [INFO] (Worker1) Shoot complete. Execution time: 0.0ms
2026-01-11 22:22:26,137 [INFO] (Worker3) Executing shoot....
2026-01-11 22:22:26,137 [INFO] (Worker1) FAILURE: starting from conf_index 1 and seed 1768195362
2026-01-11 22:22:26,137 [INFO] (Worker1) Chose starting configuration success_2.dat
2026-01-11 22:22:26,142 [INFO] (Worker2) Shoot complete. Execution time: 0.0ms
2026-01-11 22:22:26,142 [INFO] (Worker2) FAILURE: starting from conf_index 2 and seed 1768195361
2026-01-11 22:22:26,142 [INFO] (Worker2) Chose starting configuration success_10.dat
2026-01-11 22:22:26,149 [INFO] (Worker1) Executing shoot....
2026-01-11 22:22:26,152 [INFO] (Worker3) Shoot complete. Execution time: 0.0ms
2026-01-11 22:22:26,152 [INFO] (Worker3) FAILURE: starting from conf_index 3 and seed 1768195363
2026-01-11 22:22:26,152 [INFO] (Worker3) Chose starting configuration success_5.dat
2026-01-11 22:22:26,154 [INFO] (Worker2) Executing shoot....
2026-01-11 22:22:26,157 [INFO] (Worker0) Shoot complete. Execution time: 0.0ms
2026-01-11 22:22:26,158 [INFO] (Worker0) FAILURE: starting from conf_index 0 and seed 1768195354
2026-01-11 22:22:26,158 [INFO] (Worker0) Chose starting configuration success_12.dat
2026-01-11 22:22:26,164 [INFO] (Worker3) Executing shoot....
2026-01-11 22:22:26,169 [INFO] (Worker0) Executing shoot....
2026-01-11 22:22:26,192 [INFO] (Worker2) Shoot complete. Execution time: 0.0ms
2026-01-11 22:22:26,193 [INFO] (Worker2) SUCCESS: starting from conf_index 9 and seed 1768195365
2026-01-11 22:22:26,193 [INFO] (Worker2) Chose starting configuration success_2.dat
2026-01-11 22:22:26,193 [INFO] (Worker1) Shoot complete. Execution time: 0.0ms
2026-01-11 22:22:26,194 [INFO] (Worker1) SUCCESS: starting from conf_index 1 and seed 1768195364
2026-01-11 22:22:26,194 [INFO] (Worker1) Chose starting configuration success_12.dat
2026-01-11 22:22:26,196 [INFO] (Worker3) Shoot complete. Execution time: 0.0ms
2026-01-11 22:22:26,197 [INFO] (Worker3) FAILURE: starting from conf_index 3 and seed 1768195366
2026-01-11 22:22:26,197 [INFO] (Worker3) Chose starting configuration success_9.dat
2026-01-11 22:22:26,204 [INFO] (Worker0) Shoot complete. Execution time: 0.0ms
2026-01-11 22:22:26,205 [INFO] (Worker2) Executing shoot....
2026-01-11 22:22:26,204 [INFO] (Worker0) FAILURE: starting from conf_index 0 and seed 1768195367
2026-01-11 22:22:26,205 [INFO] (Worker0) Chose starting configuration success_4.dat
2026-01-11 22:22:26,206 [INFO] (Worker1) Executing shoot....
2026-01-11 22:22:26,208 [INFO] (Worker3) Executing shoot....
2026-01-11 22:22:26,216 [INFO] (Worker0) Executing shoot....
2026-01-11 22:22:26,222 [INFO] (Worker2) Shoot complete. Execution time: 0.0ms
2026-01-11 22:22:26,222 [INFO] (Worker2) FAILURE: starting from conf_index 2 and seed 1768195368
2026-01-11 22:22:26,223 [INFO] (Worker2) Chose starting configuration success_12.dat
2026-01-11 22:22:26,234 [INFO] (Worker2) Executing shoot....
2026-01-11 22:22:26,242 [INFO] (Worker3) Shoot complete. Execution time: 0.0ms
2026-01-11 22:22:26,242 [INFO] (Worker1) Shoot complete. Execution time: 0.0ms
2026-01-11 22:22:26,242 [INFO] (Worker3) FAILURE: starting from conf_index 3 and seed 1768195370
2026-01-11 22:22:26,242 [INFO] (Worker3) Chose starting configuration success_3.dat
2026-01-11 22:22:26,243 [INFO] (Worker1) FAILURE: starting from conf_index 1 and seed 1768195369
2026-01-11 22:22:26,243 [INFO] (Worker1) Chose starting configuration success_2.dat
2026-01-11 22:22:26,254 [INFO] (Worker3) Executing shoot....
2026-01-11 22:22:26,254 [INFO] (Worker1) Executing shoot....
2026-01-11 22:22:26,267 [INFO] (Worker2) Shoot complete. Execution time: 0.0ms
2026-01-11 22:22:26,267 [INFO] (Worker2) FAILURE: starting from conf_index 2 and seed 1768195372
2026-01-11 22:22:26,267 [INFO] (Worker2) Chose starting configuration success_4.dat
2026-01-11 22:22:26,274 [INFO] (Worker1) Shoot complete. Execution time: 0.0ms
2026-01-11 22:22:26,274 [INFO] (Worker3) Shoot complete. Execution time: 0.0ms
2026-01-11 22:22:26,275 [INFO] (Worker1) FAILURE: starting from conf_index 1 and seed 1768195374
2026-01-11 22:22:26,275 [INFO] (Worker1) Chose starting configuration success_12.dat
2026-01-11 22:22:26,275 [INFO] (Worker3) FAILURE: starting from conf_index 3 and seed 1768195373
2026-01-11 22:22:26,275 [INFO] (Worker3) Chose starting configuration success_9.dat
2026-01-11 22:22:26,280 [INFO] (Worker2) Executing shoot....
2026-01-11 22:22:26,285 [INFO] (Worker0) Shoot complete. Execution time: 0.0ms
2026-01-11 22:22:26,285 [INFO] (Worker0) FAILURE: starting from conf_index 0 and seed 1768195371
2026-01-11 22:22:26,285 [INFO] (Worker0) Chose starting configuration success_5.dat
2026-01-11 22:22:26,287 [INFO] (Worker3) Executing shoot....
2026-01-11 22:22:26,287 [INFO] (Worker1) Executing shoot....
2026-01-11 22:22:26,297 [INFO] (Worker0) Executing shoot....
2026-01-11 22:22:26,313 [INFO] (Worker1) Shoot complete. Execution time: 0.0ms
2026-01-11 22:22:26,313 [INFO] (Worker1) FAILURE: starting from conf_index 1 and seed 1768195377
2026-01-11 22:22:26,313 [INFO] (Worker1) Chose starting configuration success_4.dat
2026-01-11 22:22:26,321 [INFO] (Worker2) Shoot complete. Execution time: 0.0ms
2026-01-11 22:22:26,321 [INFO] (Worker2) FAILURE: starting from conf_index 2 and seed 1768195375
2026-01-11 22:22:26,321 [INFO] (Worker2) Chose starting configuration success_7.dat
2026-01-11 22:22:26,325 [INFO] (Worker1) Executing shoot....
2026-01-11 22:22:26,330 [INFO] (Worker3) Shoot complete. Execution time: 0.0ms
2026-01-11 22:22:26,331 [INFO] (Worker3) FAILURE: starting from conf_index 3 and seed 1768195376
2026-01-11 22:22:26,331 [INFO] (Worker3) Chose starting configuration success_12.dat
2026-01-11 22:22:26,334 [INFO] (Worker0) Shoot complete. Execution time: 0.0ms
2026-01-11 22:22:26,334 [INFO] (Worker2) Executing shoot....
2026-01-11 22:22:26,334 [INFO] (Worker0) FAILURE: starting from conf_index 0 and seed 1768195378
2026-01-11 22:22:26,334 [INFO] (Worker0) Chose starting configuration success_10.dat
2026-01-11 22:22:26,342 [INFO] (Worker3) Executing shoot....
2026-01-11 22:22:26,346 [INFO] (Worker0) Executing shoot....
2026-01-11 22:22:26,349 [INFO] (Worker2) Shoot complete. Execution time: 0.0ms
2026-01-11 22:22:26,349 [INFO] (Worker2) FAILURE: starting from conf_index 2 and seed 1768195380
2026-01-11 22:22:26,350 [INFO] (Worker2) Chose starting configuration success_11.dat
2026-01-11 22:22:26,361 [INFO] (Worker2) Executing shoot....
2026-01-11 22:22:26,375 [INFO] (Worker2) Shoot complete. Execution time: 0.0ms
2026-01-11 22:22:26,375 [INFO] (Worker2) FAILURE: starting from conf_index 2 and seed 1768195383
2026-01-11 22:22:26,375 [INFO] (Worker2) Chose starting configuration success_11.dat
2026-01-11 22:22:26,376 [INFO] (Worker3) Shoot complete. Execution time: 0.0ms
2026-01-11 22:22:26,377 [INFO] (Worker3) FAILURE: starting from conf_index 3 and seed 1768195381
2026-01-11 22:22:26,377 [INFO] (Worker3) Chose starting configuration success_6.dat
2026-01-11 22:22:26,386 [INFO] (Worker2) Executing shoot....
2026-01-11 22:22:26,388 [INFO] (Worker3) Executing shoot....
2026-01-11 22:22:26,392 [INFO] (Worker0) Shoot complete. Execution time: 0.0ms
2026-01-11 22:22:26,392 [INFO] (Worker0) FAILURE: starting from conf_index 0 and seed 1768195382
2026-01-11 22:22:26,392 [INFO] (Worker0) Chose starting configuration success_1.dat
2026-01-11 22:22:26,400 [INFO] (Worker2) Shoot complete. Execution time: 0.0ms
2026-01-11 22:22:26,400 [INFO] (Worker2) FAILURE: starting from conf_index 2 and seed 1768195384
2026-01-11 22:22:26,401 [INFO] (Worker2) Chose starting configuration success_9.dat
2026-01-11 22:22:26,404 [INFO] (Worker0) Executing shoot....
2026-01-11 22:22:26,407 [INFO] (Worker1) Shoot complete. Execution time: 0.0ms
2026-01-11 22:22:26,407 [INFO] (Worker1) FAILURE: starting from conf_index 1 and seed 1768195379
2026-01-11 22:22:26,407 [INFO] (Worker1) Chose starting configuration success_9.dat
2026-01-11 22:22:26,412 [INFO] (Worker2) Executing shoot....
2026-01-11 22:22:26,418 [INFO] (Worker1) Executing shoot....
2026-01-11 22:22:26,438 [INFO] (Worker0) Shoot complete. Execution time: 0.0ms
2026-01-11 22:22:26,439 [INFO] (Worker0) FAILURE: starting from conf_index 0 and seed 1768195386
2026-01-11 22:22:26,439 [INFO] (Worker0) Chose starting configuration success_11.dat
2026-01-11 22:22:26,447 [INFO] (Worker2) Shoot complete. Execution time: 0.0ms
2026-01-11 22:22:26,448 [INFO] (Worker2) FAILURE: starting from conf_index 2 and seed 1768195387
2026-01-11 22:22:26,448 [INFO] (Worker2) Chose starting configuration success_2.dat
2026-01-11 22:22:26,450 [INFO] (Worker0) Executing shoot....
2026-01-11 22:22:26,452 [INFO] (Worker1) Shoot complete. Execution time: 0.0ms
2026-01-11 22:22:26,453 [INFO] (Worker1) FAILURE: starting from conf_index 1 and seed 1768195388
2026-01-11 22:22:26,453 [INFO] (Worker1) Chose starting configuration success_11.dat
2026-01-11 22:22:26,459 [INFO] (Worker2) Executing shoot....
2026-01-11 22:22:26,465 [INFO] (Worker0) Shoot complete. Execution time: 0.0ms
2026-01-11 22:22:26,465 [INFO] (Worker1) Executing shoot....
2026-01-11 22:22:26,465 [INFO] (Worker0) FAILURE: starting from conf_index 0 and seed 1768195389
2026-01-11 22:22:26,465 [INFO] (Worker0) Chose starting configuration success_12.dat
2026-01-11 22:22:26,477 [INFO] (Worker2) Shoot complete. Execution time: 0.0ms
2026-01-11 22:22:26,477 [INFO] (Worker0) Executing shoot....
2026-01-11 22:22:26,477 [INFO] (Worker2) FAILURE: starting from conf_index 2 and seed 1768195390
2026-01-11 22:22:26,479 [INFO] (Worker1) Shoot complete. Execution time: 0.0ms
2026-01-11 22:22:26,477 [INFO] (Worker2) Chose starting configuration success_8.dat
2026-01-11 22:22:26,480 [INFO] (Worker1) FAILURE: starting from conf_index 1 and seed 1768195391
2026-01-11 22:22:26,480 [INFO] (Worker1) Chose starting configuration success_9.dat
2026-01-11 22:22:26,490 [INFO] (Worker2) Executing shoot....
2026-01-11 22:22:26,492 [INFO] (Worker1) Executing shoot....
2026-01-11 22:22:26,512 [INFO] (Worker0) Shoot complete. Execution time: 0.0ms
2026-01-11 22:22:26,512 [INFO] (Worker0) FAILURE: starting from conf_index 0 and seed 1768195392
2026-01-11 22:22:26,513 [INFO] (Worker0) Chose starting configuration success_6.dat
2026-01-11 22:22:26,525 [INFO] (Worker0) Executing shoot....
2026-01-11 22:22:26,531 [INFO] (Worker1) Shoot complete. Execution time: 0.0ms
2026-01-11 22:22:26,531 [INFO] (Worker1) FAILURE: starting from conf_index 1 and seed 1768195394
2026-01-11 22:22:26,532 [INFO] (Worker1) Chose starting configuration success_5.dat
2026-01-11 22:22:26,543 [INFO] (Worker1) Executing shoot....
2026-01-11 22:22:26,554 [INFO] (Worker2) Shoot complete. Execution time: 0.0ms
2026-01-11 22:22:26,554 [INFO] (Worker2) FAILURE: starting from conf_index 2 and seed 1768195393
2026-01-11 22:22:26,554 [INFO] (Worker2) Chose starting configuration success_9.dat
2026-01-11 22:22:26,565 [INFO] (Worker0) Shoot complete. Execution time: 0.0ms
2026-01-11 22:22:26,565 [INFO] (Worker0) FAILURE: starting from conf_index 0 and seed 1768195395
2026-01-11 22:22:26,565 [INFO] (Worker0) Chose starting configuration success_1.dat
2026-01-11 22:22:26,567 [INFO] (Worker2) Executing shoot....
2026-01-11 22:22:26,577 [INFO] (Worker0) Executing shoot....
2026-01-11 22:22:26,578 [INFO] (Worker1) Shoot complete. Execution time: 0.0ms
2026-01-11 22:22:26,579 [INFO] (Worker1) FAILURE: starting from conf_index 1 and seed 1768195396
2026-01-11 22:22:26,579 [INFO] (Worker1) Chose starting configuration success_7.dat
2026-01-11 22:22:26,590 [INFO] (Worker1) Executing shoot....
2026-01-11 22:22:26,598 [INFO] (Worker3) Shoot complete. Execution time: 0.0ms
2026-01-11 22:22:26,599 [INFO] (Worker3) SUCCESS: starting from conf_index 5 and seed 1768195385
2026-01-11 22:22:26,599 [INFO] (Worker3) Chose starting configuration success_5.dat
2026-01-11 22:22:26,601 [INFO] (Worker2) Shoot complete. Execution time: 0.0ms
2026-01-11 22:22:26,601 [INFO] (Worker2) FAILURE: starting from conf_index 2 and seed 1768195397
2026-01-11 22:22:26,601 [INFO] (Worker2) Chose starting configuration success_10.dat
2026-01-11 22:22:26,604 [INFO] (Worker1) Shoot complete. Execution time: 0.0ms
2026-01-11 22:22:26,605 [INFO] (Worker1) FAILURE: starting from conf_index 1 and seed 1768195399
2026-01-11 22:22:26,605 [INFO] (Worker1) Chose starting configuration success_10.dat
2026-01-11 22:22:26,609 [INFO] (Worker0) Shoot complete. Execution time: 0.0ms
2026-01-11 22:22:26,610 [INFO] (Worker0) FAILURE: starting from conf_index 0 and seed 1768195398
2026-01-11 22:22:26,610 [INFO] (Worker0) Chose starting configuration success_6.dat
2026-01-11 22:22:26,612 [INFO] (Worker3) Executing shoot....
2026-01-11 22:22:26,613 [INFO] (Worker2) Executing shoot....
2026-01-11 22:22:26,616 [INFO] (Worker1) Executing shoot....
2026-01-11 22:22:26,622 [INFO] (Worker0) Executing shoot....
2026-01-11 22:22:26,638 [INFO] (Worker0) Shoot complete. Execution time: 0.0ms
2026-01-11 22:22:26,638 [INFO] (Worker0) FAILURE: starting from conf_index 0 and seed 1768195403
2026-01-11 22:22:26,638 [INFO] (Worker0) Chose starting configuration success_10.dat
2026-01-11 22:22:26,645 [INFO] (Worker3) Shoot complete. Execution time: 0.0ms
2026-01-11 22:22:26,645 [INFO] (Worker3) FAILURE: starting from conf_index 3 and seed 1768195400
2026-01-11 22:22:26,645 [INFO] (Worker3) Chose starting configuration success_5.dat
2026-01-11 22:22:26,650 [INFO] (Worker0) Executing shoot....
2026-01-11 22:22:26,657 [INFO] (Worker3) Executing shoot....
2026-01-11 22:22:26,693 [INFO] (Worker3) Shoot complete. Execution time: 0.0ms
2026-01-11 22:22:26,693 [INFO] (Worker3) FAILURE: starting from conf_index 3 and seed 1768195405
2026-01-11 22:22:26,693 [INFO] (Worker3) Chose starting configuration success_6.dat
2026-01-11 22:22:26,700 [INFO] (Worker2) Shoot complete. Execution time: 0.0ms
2026-01-11 22:22:26,700 [INFO] (Worker2) FAILURE: starting from conf_index 2 and seed 1768195401
2026-01-11 22:22:26,700 [INFO] (Worker2) Chose starting configuration success_6.dat
2026-01-11 22:22:26,705 [INFO] (Worker1) Shoot complete. Execution time: 0.0ms
2026-01-11 22:22:26,705 [INFO] (Worker1) FAILURE: starting from conf_index 1 and seed 1768195402
2026-01-11 22:22:26,705 [INFO] (Worker1) Chose starting configuration success_10.dat
2026-01-11 22:22:26,706 [INFO] (Worker3) Executing shoot....
2026-01-11 22:22:26,712 [INFO] (Worker2) Executing shoot....
2026-01-11 22:22:26,718 [INFO] (Worker1) Executing shoot....
2026-01-11 22:22:26,732 [INFO] (Worker2) Shoot complete. Execution time: 0.0ms
2026-01-11 22:22:26,732 [INFO] (Worker2) FAILURE: starting from conf_index 2 and seed 1768195407
2026-01-11 22:22:26,732 [INFO] (Worker2) Chose starting configuration success_2.dat
2026-01-11 22:22:26,744 [INFO] (Worker2) Executing shoot....
2026-01-11 22:22:26,755 [INFO] (Worker0) Shoot complete. Execution time: 0.0ms
2026-01-11 22:22:26,756 [INFO] (Worker0) SUCCESS: starting from conf_index 9 and seed 1768195404
2026-01-11 22:22:26,756 [INFO] (Worker0) Chose starting configuration success_7.dat
2026-01-11 22:22:26,769 [INFO] (Worker0) Executing shoot....
2026-01-11 22:22:26,777 [INFO] (Worker3) Shoot complete. Execution time: 0.0ms
2026-01-11 22:22:26,778 [INFO] (Worker3) FAILURE: starting from conf_index 3 and seed 1768195406
2026-01-11 22:22:26,778 [INFO] (Worker3) Chose starting configuration success_12.dat
2026-01-11 22:22:26,785 [INFO] (Worker0) Shoot complete. Execution time: 0.0ms
2026-01-11 22:22:26,785 [INFO] (Worker0) FAILURE: starting from conf_index 0 and seed 1768195410
2026-01-11 22:22:26,785 [INFO] (Worker0) Chose starting configuration success_10.dat
2026-01-11 22:22:26,789 [INFO] (Worker2) Shoot complete. Execution time: 0.0ms
2026-01-11 22:22:26,789 [INFO] (Worker2) FAILURE: starting from conf_index 2 and seed 1768195409
2026-01-11 22:22:26,789 [INFO] (Worker2) Chose starting configuration success_9.dat
2026-01-11 22:22:26,790 [INFO] (Worker3) Executing shoot....
2026-01-11 22:22:26,797 [INFO] (Worker0) Executing shoot....
2026-01-11 22:22:26,801 [INFO] (Worker2) Executing shoot....
2026-01-11 22:22:26,819 [INFO] (Worker2) Shoot complete. Execution time: 0.0ms
2026-01-11 22:22:26,819 [INFO] (Worker2) FAILURE: starting from conf_index 2 and seed 1768195413
2026-01-11 22:22:26,819 [INFO] (Worker2) Chose starting configuration success_10.dat
2026-01-11 22:22:26,821 [INFO] (Worker3) Shoot complete. Execution time: 0.0ms
2026-01-11 22:22:26,821 [INFO] (Worker3) FAILURE: starting from conf_index 3 and seed 1768195411
2026-01-11 22:22:26,821 [INFO] (Worker3) Chose starting configuration success_1.dat
2026-01-11 22:22:26,831 [INFO] (Worker2) Executing shoot....
2026-01-11 22:22:26,832 [INFO] (Worker3) Executing shoot....
2026-01-11 22:22:26,838 [INFO] (Worker1) Shoot complete. Execution time: 0.0ms
2026-01-11 22:22:26,839 [INFO] (Worker1) SUCCESS: starting from conf_index 9 and seed 1768195408
2026-01-11 22:22:26,839 [INFO] (Worker1) Chose starting configuration success_10.dat
2026-01-11 22:22:26,847 [INFO] (Worker0) Shoot complete. Execution time: 0.0ms
2026-01-11 22:22:26,847 [INFO] (Worker0) SUCCESS: starting from conf_index 9 and seed 1768195412
2026-01-11 22:22:26,848 [INFO] (Worker0) Chose starting configuration success_4.dat
2026-01-11 22:22:26,850 [INFO] (Worker1) Executing shoot....
2026-01-11 22:22:26,860 [INFO] (Worker0) Executing shoot....
2026-01-11 22:22:26,861 [INFO] (Worker3) Shoot complete. Execution time: 0.0ms
2026-01-11 22:22:26,862 [INFO] (Worker3) FAILURE: starting from conf_index 3 and seed 1768195415
2026-01-11 22:22:26,862 [INFO] (Worker3) Chose starting configuration success_12.dat
2026-01-11 22:22:26,873 [INFO] (Worker3) Executing shoot....
2026-01-11 22:22:26,874 [INFO] (Worker2) Shoot complete. Execution time: 0.0ms
2026-01-11 22:22:26,875 [INFO] (Worker2) FAILURE: starting from conf_index 2 and seed 1768195414
2026-01-11 22:22:26,875 [INFO] (Worker2) Chose starting configuration success_10.dat
2026-01-11 22:22:26,886 [INFO] (Worker2) Executing shoot....
2026-01-11 22:22:26,896 [INFO] (Worker1) Shoot complete. Execution time: 0.0ms
2026-01-11 22:22:26,897 [INFO] (Worker1) SUCCESS: starting from conf_index 9 and seed 1768195416
2026-01-11 22:22:26,897 [INFO] (Worker1) Chose starting configuration success_3.dat
2026-01-11 22:22:26,900 [INFO] (Worker0) Shoot complete. Execution time: 0.0ms
2026-01-11 22:22:26,900 [INFO] (Worker0) FAILURE: starting from conf_index 0 and seed 1768195417
2026-01-11 22:22:26,901 [INFO] (Worker0) Chose starting configuration success_12.dat
2026-01-11 22:22:26,904 [INFO] (Worker2) Shoot complete. Execution time: 0.0ms
2026-01-11 22:22:26,905 [INFO] (Worker3) Shoot complete. Execution time: 0.0ms
2026-01-11 22:22:26,904 [INFO] (Worker2) FAILURE: starting from conf_index 2 and seed 1768195419
2026-01-11 22:22:26,905 [INFO] (Worker3) FAILURE: starting from conf_index 3 and seed 1768195418
2026-01-11 22:22:26,905 [INFO] (Worker2) Chose starting configuration success_12.dat
2026-01-11 22:22:26,905 [INFO] (Worker3) Chose starting configuration success_11.dat
2026-01-11 22:22:26,909 [INFO] (Worker1) Executing shoot....
2026-01-11 22:22:26,912 [INFO] (Worker0) Executing shoot....
2026-01-11 22:22:26,917 [INFO] (Worker3) Executing shoot....
2026-01-11 22:22:26,918 [INFO] (Worker2) Executing shoot....
2026-01-11 22:22:26,928 [INFO] (Worker1) Shoot complete. Execution time: 0.0ms
2026-01-11 22:22:26,928 [INFO] (Worker1) FAILURE: starting from conf_index 1 and seed 1768195420
2026-01-11 22:22:26,929 [INFO] (Worker1) Chose starting configuration success_5.dat
2026-01-11 22:22:26,931 [INFO] (Worker3) Shoot complete. Execution time: 0.0ms
2026-01-11 22:22:26,932 [INFO] (Worker3) FAILURE: starting from conf_index 3 and seed 1768195423
2026-01-11 22:22:26,932 [INFO] (Worker3) Chose starting configuration success_8.dat
2026-01-11 22:22:26,940 [INFO] (Worker1) Executing shoot....
2026-01-11 22:22:26,943 [INFO] (Worker3) Executing shoot....
2026-01-11 22:22:26,948 [INFO] (Worker0) Shoot complete. Execution time: 0.0ms
2026-01-11 22:22:26,948 [INFO] (Worker0) FAILURE: starting from conf_index 0 and seed 1768195421
2026-01-11 22:22:26,948 [INFO] (Worker0) Chose starting configuration success_3.dat
2026-01-11 22:22:26,961 [INFO] (Worker0) Executing shoot....
2026-01-11 22:22:26,961 [INFO] (Worker1) Shoot complete. Execution time: 0.0ms
2026-01-11 22:22:26,962 [INFO] (Worker1) FAILURE: starting from conf_index 1 and seed 1768195424
2026-01-11 22:22:26,962 [INFO] (Worker1) Chose starting configuration success_11.dat
2026-01-11 22:22:26,979 [INFO] (Worker3) Shoot complete. Execution time: 0.0ms
2026-01-11 22:22:26,979 [INFO] (Worker3) FAILURE: starting from conf_index 3 and seed 1768195425
2026-01-11 22:22:26,979 [INFO] (Worker3) Chose starting configuration success_1.dat
2026-01-11 22:22:26,982 [INFO] (Worker1) Executing shoot....
2026-01-11 22:22:26,984 [INFO] (Worker0) Shoot complete. Execution time: 0.0ms
2026-01-11 22:22:26,984 [INFO] (Worker0) FAILURE: starting from conf_index 0 and seed 1768195426
2026-01-11 22:22:26,984 [INFO] (Worker0) Chose starting configuration success_1.dat
2026-01-11 22:22:26,992 [INFO] (Worker3) Executing shoot....
2026-01-11 22:22:26,995 [INFO] (Worker1) Shoot complete. Execution time: 0.0ms
2026-01-11 22:22:26,996 [INFO] (Worker1) FAILURE: starting from conf_index 1 and seed 1768195427
2026-01-11 22:22:26,996 [INFO] (Worker1) Chose starting configuration success_4.dat
2026-01-11 22:22:26,996 [INFO] (Worker0) Executing shoot....
2026-01-11 22:22:26,997 [INFO] (Worker2) Shoot complete. Execution time: 0.0ms
2026-01-11 22:22:26,997 [INFO] (Worker2) FAILURE: starting from conf_index 2 and seed 1768195422
2026-01-11 22:22:26,998 [INFO] (Worker2) Chose starting configuration success_11.dat
2026-01-11 22:22:27,007 [INFO] (Worker1) Executing shoot....
2026-01-11 22:22:27,008 [INFO] (Worker2) Executing shoot....
2026-01-11 22:22:27,022 [INFO] (Worker2) Shoot complete. Execution time: 0.0ms
2026-01-11 22:22:27,022 [INFO] (Worker2) FAILURE: starting from conf_index 2 and seed 1768195431
2026-01-11 22:22:27,022 [INFO] (Worker2) Chose starting configuration success_8.dat
2026-01-11 22:22:27,026 [INFO] (Worker3) Shoot complete. Execution time: 0.0ms
2026-01-11 22:22:27,027 [INFO] (Worker3) FAILURE: starting from conf_index 3 and seed 1768195428
2026-01-11 22:22:27,027 [INFO] (Worker3) Chose starting configuration success_7.dat
2026-01-11 22:22:27,031 [INFO] (Worker0) Shoot complete. Execution time: 0.0ms
2026-01-11 22:22:27,031 [INFO] (Worker0) FAILURE: starting from conf_index 0 and seed 1768195429
2026-01-11 22:22:27,031 [INFO] (Worker0) Chose starting configuration success_10.dat
2026-01-11 22:22:27,033 [INFO] (Worker2) Executing shoot....
2026-01-11 22:22:27,038 [INFO] (Worker3) Executing shoot....
2026-01-11 22:22:27,043 [INFO] (Worker0) Executing shoot....
2026-01-11 22:22:27,057 [INFO] (Worker3) Shoot complete. Execution time: 0.0ms
2026-01-11 22:22:27,057 [INFO] (Worker3) FAILURE: starting from conf_index 3 and seed 1768195433
2026-01-11 22:22:27,057 [INFO] (Worker3) Chose starting configuration success_5.dat
2026-01-11 22:22:27,071 [INFO] (Worker3) Executing shoot....
2026-01-11 22:22:27,075 [INFO] (Worker2) Shoot complete. Execution time: 0.0ms
2026-01-11 22:22:27,075 [INFO] (Worker2) FAILURE: starting from conf_index 2 and seed 1768195432
2026-01-11 22:22:27,075 [INFO] (Worker2) Chose starting configuration success_3.dat
2026-01-11 22:22:27,087 [INFO] (Worker2) Executing shoot....
2026-01-11 22:22:27,094 [INFO] (Worker1) Shoot complete. Execution time: 0.0ms
2026-01-11 22:22:27,094 [INFO] (Worker1) FAILURE: starting from conf_index 1 and seed 1768195430
2026-01-11 22:22:27,094 [INFO] (Worker1) Chose starting configuration success_7.dat
2026-01-11 22:22:27,102 [INFO] (Worker2) Shoot complete. Execution time: 0.0ms
2026-01-11 22:22:27,102 [INFO] (Worker2) FAILURE: starting from conf_index 2 and seed 1768195436
2026-01-11 22:22:27,103 [INFO] (Worker2) Chose starting configuration success_1.dat
2026-01-11 22:22:27,107 [INFO] (Worker1) Executing shoot....
2026-01-11 22:22:27,115 [INFO] (Worker2) Executing shoot....
2026-01-11 22:22:27,122 [INFO] (Worker1) Shoot complete. Execution time: 0.0ms
2026-01-11 22:22:27,122 [INFO] (Worker1) FAILURE: starting from conf_index 1 and seed 1768195437
2026-01-11 22:22:27,123 [INFO] (Worker1) Chose starting configuration success_10.dat
2026-01-11 22:22:27,135 [INFO] (Worker1) Executing shoot....
2026-01-11 22:22:27,150 [INFO] (Worker2) Shoot complete. Execution time: 0.0ms
2026-01-11 22:22:27,150 [INFO] (Worker2) FAILURE: starting from conf_index 2 and seed 1768195438
2026-01-11 22:22:27,151 [INFO] (Worker2) Chose starting configuration success_5.dat
2026-01-11 22:22:27,162 [INFO] (Worker2) Executing shoot....
2026-01-11 22:22:27,164 [INFO] (Worker3) Shoot complete. Execution time: 0.0ms
2026-01-11 22:22:27,164 [INFO] (Worker3) FAILURE: starting from conf_index 3 and seed 1768195435
2026-01-11 22:22:27,165 [INFO] (Worker3) Chose starting configuration success_11.dat
2026-01-11 22:22:27,176 [INFO] (Worker3) Executing shoot....
2026-01-11 22:22:27,181 [INFO] (Worker0) Shoot complete. Execution time: 0.0ms
2026-01-11 22:22:27,181 [INFO] (Worker0) FAILURE: starting from conf_index 0 and seed 1768195434
2026-01-11 22:22:27,182 [INFO] (Worker0) Chose starting configuration success_12.dat
2026-01-11 22:22:27,191 [INFO] (Worker3) Shoot complete. Execution time: 0.0ms
2026-01-11 22:22:27,191 [INFO] (Worker3) FAILURE: starting from conf_index 3 and seed 1768195441
2026-01-11 22:22:27,191 [INFO] (Worker3) Chose starting configuration success_1.dat
2026-01-11 22:22:27,193 [INFO] (Worker0) Executing shoot....
2026-01-11 22:22:27,198 [INFO] (Worker2) Shoot complete. Execution time: 0.0ms
2026-01-11 22:22:27,199 [INFO] (Worker2) FAILURE: starting from conf_index 2 and seed 1768195440
2026-01-11 22:22:27,199 [INFO] (Worker2) Chose starting configuration success_10.dat
2026-01-11 22:22:27,203 [INFO] (Worker3) Executing shoot....
2026-01-11 22:22:27,210 [INFO] (Worker2) Executing shoot....
2026-01-11 22:22:27,216 [INFO] (Worker1) Shoot complete. Execution time: 0.0ms
2026-01-11 22:22:27,217 [INFO] (Worker1) FAILURE: starting from conf_index 1 and seed 1768195439
2026-01-11 22:22:27,217 [INFO] (Worker1) Chose starting configuration success_11.dat
2026-01-11 22:22:27,228 [INFO] (Worker1) Executing shoot....
2026-01-11 22:22:27,237 [INFO] (Worker3) Shoot complete. Execution time: 0.0ms
2026-01-11 22:22:27,237 [INFO] (Worker3) FAILURE: starting from conf_index 3 and seed 1768195443
2026-01-11 22:22:27,237 [INFO] (Worker3) Chose starting configuration success_3.dat
2026-01-11 22:22:27,242 [INFO] (Worker1) Shoot complete. Execution time: 0.0ms
2026-01-11 22:22:27,243 [INFO] (Worker1) FAILURE: starting from conf_index 1 and seed 1768195445
2026-01-11 22:22:27,243 [INFO] (Worker1) Chose starting configuration success_2.dat
2026-01-11 22:22:27,247 [INFO] (Worker2) Shoot complete. Execution time: 0.0ms
2026-01-11 22:22:27,248 [INFO] (Worker2) FAILURE: starting from conf_index 2 and seed 1768195444
2026-01-11 22:22:27,248 [INFO] (Worker2) Chose starting configuration success_7.dat
2026-01-11 22:22:27,249 [INFO] (Worker3) Executing shoot....
2026-01-11 22:22:27,254 [INFO] (Worker1) Executing shoot....
2026-01-11 22:22:27,259 [INFO] (Worker2) Executing shoot....
2026-01-11 22:22:27,272 [INFO] (Worker1) Shoot complete. Execution time: 0.0ms
2026-01-11 22:22:27,272 [INFO] (Worker1) FAILURE: starting from conf_index 1 and seed 1768195447
2026-01-11 22:22:27,272 [INFO] (Worker1) Chose starting configuration success_11.dat
2026-01-11 22:22:27,273 [INFO] (Worker2) Shoot complete. Execution time: 0.0ms
2026-01-11 22:22:27,273 [INFO] (Worker2) FAILURE: starting from conf_index 2 and seed 1768195448
2026-01-11 22:22:27,273 [INFO] (Worker2) Chose starting configuration success_1.dat
2026-01-11 22:22:27,283 [INFO] (Worker3) Shoot complete. Execution time: 0.0ms
2026-01-11 22:22:27,284 [INFO] (Worker3) SUCCESS: starting from conf_index 2 and seed 1768195446
2026-01-11 22:22:27,284 [INFO] (Worker3) Chose starting configuration success_2.dat
2026-01-11 22:22:27,284 [INFO] (Worker1) Executing shoot....
2026-01-11 22:22:27,285 [INFO] (Worker2) Executing shoot....
2026-01-11 22:22:27,288 [INFO] (Worker0) Shoot complete. Execution time: 0.0ms
2026-01-11 22:22:27,289 [INFO] (Worker0) FAILURE: starting from conf_index 0 and seed 1768195442
2026-01-11 22:22:27,289 [INFO] (Worker0) Chose starting configuration success_2.dat
2026-01-11 22:22:27,295 [INFO] (Worker3) Executing shoot....
2026-01-11 22:22:27,298 [INFO] (Worker1) Shoot complete. Execution time: 0.0ms
2026-01-11 22:22:27,299 [INFO] (Worker1) FAILURE: starting from conf_index 1 and seed 1768195449
2026-01-11 22:22:27,299 [INFO] (Worker1) Chose starting configuration success_3.dat
2026-01-11 22:22:27,300 [INFO] (Worker0) Executing shoot....
2026-01-11 22:22:27,311 [INFO] (Worker1) Executing shoot....
2026-01-11 22:22:27,324 [INFO] (Worker2) Shoot complete. Execution time: 0.0ms
2026-01-11 22:22:27,324 [INFO] (Worker2) FAILURE: starting from conf_index 2 and seed 1768195450
2026-01-11 22:22:27,324 [INFO] (Worker2) Chose starting configuration success_12.dat
2026-01-11 22:22:27,328 [INFO] (Worker1) Shoot complete. Execution time: 0.0ms
2026-01-11 22:22:27,329 [INFO] (Worker1) FAILURE: starting from conf_index 1 and seed 1768195453
2026-01-11 22:22:27,329 [INFO] (Worker1) Chose starting configuration success_8.dat
2026-01-11 22:22:27,336 [INFO] (Worker2) Executing shoot....
2026-01-11 22:22:27,341 [INFO] (Worker1) Executing shoot....
2026-01-11 22:22:27,348 [INFO] (Worker0) Shoot complete. Execution time: 0.0ms
2026-01-11 22:22:27,348 [INFO] (Worker0) SUCCESS: starting from conf_index 1 and seed 1768195452
2026-01-11 22:22:27,349 [INFO] (Worker0) Chose starting configuration success_9.dat
2026-01-11 22:22:27,361 [INFO] (Worker0) Executing shoot....
2026-01-11 22:22:27,374 [INFO] (Worker2) Shoot complete. Execution time: 0.0ms
2026-01-11 22:22:27,375 [INFO] (Worker2) FAILURE: starting from conf_index 2 and seed 1768195454
2026-01-11 22:22:27,375 [INFO] (Worker2) Chose starting configuration success_3.dat
2026-01-11 22:22:27,381 [INFO] (Worker1) Shoot complete. Execution time: 0.0ms
2026-01-11 22:22:27,381 [INFO] (Worker1) FAILURE: starting from conf_index 1 and seed 1768195455
2026-01-11 22:22:27,381 [INFO] (Worker1) Chose starting configuration success_3.dat
2026-01-11 22:22:27,387 [INFO] (Worker2) Executing shoot....
2026-01-11 22:22:27,389 [INFO] (Worker3) Shoot complete. Execution time: 0.0ms
2026-01-11 22:22:27,390 [INFO] (Worker3) FAILURE: starting from conf_index 3 and seed 1768195451
2026-01-11 22:22:27,390 [INFO] (Worker3) Chose starting configuration success_9.dat
2026-01-11 22:22:27,398 [INFO] (Worker0) Shoot complete. Execution time: 0.0ms
2026-01-11 22:22:27,398 [INFO] (Worker1) Executing shoot....
2026-01-11 22:22:27,398 [INFO] (Worker0) FAILURE: starting from conf_index 0 and seed 1768195456
2026-01-11 22:22:27,398 [INFO] (Worker0) Chose starting configuration success_5.dat
2026-01-11 22:22:27,402 [INFO] (Worker3) Executing shoot....
2026-01-11 22:22:27,408 [INFO] (Worker2) Shoot complete. Execution time: 0.0ms
2026-01-11 22:22:27,409 [INFO] (Worker2) FAILURE: starting from conf_index 2 and seed 1768195457
2026-01-11 22:22:27,409 [INFO] (Worker2) Chose starting configuration success_10.dat
2026-01-11 22:22:27,410 [INFO] (Worker0) Executing shoot....
2026-01-11 22:22:27,420 [INFO] (Worker2) Executing shoot....
2026-01-11 22:22:27,438 [INFO] (Worker3) Shoot complete. Execution time: 0.0ms
2026-01-11 22:22:27,439 [INFO] (Worker3) FAILURE: starting from conf_index 3 and seed 1768195459
2026-01-11 22:22:27,439 [INFO] (Worker3) Chose starting configuration success_11.dat
2026-01-11 22:22:27,443 [INFO] (Worker0) Shoot complete. Execution time: 0.0ms
2026-01-11 22:22:27,444 [INFO] (Worker0) FAILURE: starting from conf_index 0 and seed 1768195460
2026-01-11 22:22:27,444 [INFO] (Worker0) Chose starting configuration success_8.dat
2026-01-11 22:22:27,450 [INFO] (Worker3) Executing shoot....
2026-01-11 22:22:27,454 [INFO] (Worker1) Shoot complete. Execution time: 0.0ms
2026-01-11 22:22:27,454 [INFO] (Worker1) FAILURE: starting from conf_index 1 and seed 1768195458
2026-01-11 22:22:27,454 [INFO] (Worker1) Chose starting configuration success_12.dat
2026-01-11 22:22:27,455 [INFO] (Worker0) Executing shoot....
2026-01-11 22:22:27,464 [INFO] (Worker3) Shoot complete. Execution time: 0.0ms
2026-01-11 22:22:27,465 [INFO] (Worker3) FAILURE: starting from conf_index 3 and seed 1768195462
2026-01-11 22:22:27,465 [INFO] (Worker3) Chose starting configuration success_4.dat
2026-01-11 22:22:27,466 [INFO] (Worker1) Executing shoot....
2026-01-11 22:22:27,476 [INFO] (Worker3) Executing shoot....
2026-01-11 22:22:27,491 [INFO] (Worker0) Shoot complete. Execution time: 0.0ms
2026-01-11 22:22:27,491 [INFO] (Worker0) FAILURE: starting from conf_index 0 and seed 1768195463
2026-01-11 22:22:27,491 [INFO] (Worker0) Chose starting configuration success_12.dat
2026-01-11 22:22:27,501 [INFO] (Worker2) Shoot complete. Execution time: 0.0ms
2026-01-11 22:22:27,502 [INFO] (Worker2) FAILURE: starting from conf_index 2 and seed 1768195461
2026-01-11 22:22:27,502 [INFO] (Worker2) Chose starting configuration success_6.dat
2026-01-11 22:22:27,503 [INFO] (Worker0) Executing shoot....
2026-01-11 22:22:27,504 [INFO] (Worker1) Shoot complete. Execution time: 0.0ms
2026-01-11 22:22:27,505 [INFO] (Worker1) FAILURE: starting from conf_index 1 and seed 1768195464
2026-01-11 22:22:27,505 [INFO] (Worker1) Chose starting configuration success_5.dat
2026-01-11 22:22:27,514 [INFO] (Worker2) Executing shoot....
2026-01-11 22:22:27,519 [INFO] (Worker3) Shoot complete. Execution time: 0.0ms
2026-01-11 22:22:27,520 [INFO] (Worker3) FAILURE: starting from conf_index 3 and seed 1768195465
2026-01-11 22:22:27,520 [INFO] (Worker3) Chose starting configuration success_6.dat
2026-01-11 22:22:27,520 [INFO] (Worker1) Executing shoot....
2026-01-11 22:22:27,532 [INFO] (Worker3) Executing shoot....
2026-01-11 22:22:27,538 [INFO] (Worker2) Shoot complete. Execution time: 0.0ms
2026-01-11 22:22:27,538 [INFO] (Worker2) FAILURE: starting from conf_index 2 and seed 1768195467
2026-01-11 22:22:27,539 [INFO] (Worker2) Chose starting configuration success_8.dat
2026-01-11 22:22:27,543 [INFO] (Worker0) Shoot complete. Execution time: 0.0ms
2026-01-11 22:22:27,544 [INFO] (Worker0) FAILURE: starting from conf_index 0 and seed 1768195466
2026-01-11 22:22:27,544 [INFO] (Worker0) Chose starting configuration success_9.dat
2026-01-11 22:22:27,550 [INFO] (Worker2) Executing shoot....
2026-01-11 22:22:27,554 [INFO] (Worker1) Shoot complete. Execution time: 0.0ms
2026-01-11 22:22:27,555 [INFO] (Worker1) FAILURE: starting from conf_index 1 and seed 1768195468
2026-01-11 22:22:27,555 [INFO] (Worker1) Chose starting configuration success_7.dat
2026-01-11 22:22:27,555 [INFO] (Worker0) Executing shoot....
2026-01-11 22:22:27,574 [INFO] (Worker1) Executing shoot....
2026-01-11 22:22:27,587 [INFO] (Worker1) Shoot complete. Execution time: 0.0ms
2026-01-11 22:22:27,588 [INFO] (Worker2) Shoot complete. Execution time: 0.0ms
2026-01-11 22:22:27,588 [INFO] (Worker1) FAILURE: starting from conf_index 1 and seed 1768195472
2026-01-11 22:22:27,588 [INFO] (Worker1) Chose starting configuration success_6.dat
2026-01-11 22:22:27,588 [INFO] (Worker2) FAILURE: starting from conf_index 2 and seed 1768195470
2026-01-11 22:22:27,589 [INFO] (Worker2) Chose starting configuration success_10.dat
2026-01-11 22:22:27,591 [INFO] (Worker0) Shoot complete. Execution time: 0.0ms
2026-01-11 22:22:27,592 [INFO] (Worker0) FAILURE: starting from conf_index 0 and seed 1768195471
2026-01-11 22:22:27,592 [INFO] (Worker0) Chose starting configuration success_5.dat
2026-01-11 22:22:27,600 [INFO] (Worker1) Executing shoot....
2026-01-11 22:22:27,601 [INFO] (Worker2) Executing shoot....
2026-01-11 22:22:27,604 [INFO] (Worker0) Executing shoot....
2026-01-11 22:22:27,620 [INFO] (Worker2) Shoot complete. Execution time: 0.0ms
2026-01-11 22:22:27,620 [INFO] (Worker2) FAILURE: starting from conf_index 2 and seed 1768195474
2026-01-11 22:22:27,621 [INFO] (Worker2) Chose starting configuration success_11.dat
2026-01-11 22:22:27,632 [INFO] (Worker2) Executing shoot....
2026-01-11 22:22:27,640 [INFO] (Worker0) Shoot complete. Execution time: 0.0ms
2026-01-11 22:22:27,640 [INFO] (Worker0) FAILURE: starting from conf_index 0 and seed 1768195475
2026-01-11 22:22:27,641 [INFO] (Worker0) Chose starting configuration success_6.dat
2026-01-11 22:22:27,646 [INFO] (Worker2) Shoot complete. Execution time: 0.0ms
2026-01-11 22:22:27,646 [INFO] (Worker2) FAILURE: starting from conf_index 2 and seed 1768195476
2026-01-11 22:22:27,647 [INFO] (Worker2) Chose starting configuration success_9.dat
2026-01-11 22:22:27,652 [INFO] (Worker0) Executing shoot....
2026-01-11 22:22:27,658 [INFO] (Worker2) Executing shoot....
2026-01-11 22:22:27,691 [INFO] (Worker2) Shoot complete. Execution time: 0.0ms
2026-01-11 22:22:27,692 [INFO] (Worker2) FAILURE: starting from conf_index 2 and seed 1768195478
2026-01-11 22:22:27,692 [INFO] (Worker2) Chose starting configuration success_9.dat
2026-01-11 22:22:27,703 [INFO] (Worker2) Executing shoot....
2026-01-11 22:22:27,717 [INFO] (Worker3) Shoot complete. Execution time: 0.0ms
2026-01-11 22:22:27,718 [INFO] (Worker3) FAILURE: starting from conf_index 3 and seed 1768195469
2026-01-11 22:22:27,718 [INFO] (Worker3) Chose starting configuration success_1.dat
2026-01-11 22:22:27,729 [INFO] (Worker3) Executing shoot....
2026-01-11 22:22:27,737 [INFO] (Worker1) Shoot complete. Execution time: 0.0ms
2026-01-11 22:22:27,738 [INFO] (Worker1) FAILURE: starting from conf_index 1 and seed 1768195473
2026-01-11 22:22:27,738 [INFO] (Worker1) Chose starting configuration success_11.dat
2026-01-11 22:22:27,740 [INFO] (Worker2) Shoot complete. Execution time: 0.0ms
2026-01-11 22:22:27,740 [INFO] (Worker2) FAILURE: starting from conf_index 2 and seed 1768195479
2026-01-11 22:22:27,740 [INFO] (Worker2) Chose starting configuration success_12.dat
2026-01-11 22:22:27,750 [INFO] (Worker1) Executing shoot....
2026-01-11 22:22:27,752 [INFO] (Worker2) Executing shoot....
2026-01-11 22:22:27,756 [INFO] (Worker0) Shoot complete. Execution time: 0.0ms
2026-01-11 22:22:27,757 [INFO] (Worker0) FAILURE: starting from conf_index 0 and seed 1768195477
2026-01-11 22:22:27,757 [INFO] (Worker0) Chose starting configuration success_1.dat
2026-01-11 22:22:27,765 [INFO] (Worker1) Shoot complete. Execution time: 0.0ms
2026-01-11 22:22:27,766 [INFO] (Worker1) FAILURE: starting from conf_index 1 and seed 1768195481
2026-01-11 22:22:27,766 [INFO] (Worker1) Chose starting configuration success_9.dat
2026-01-11 22:22:27,766 [INFO] (Worker3) Shoot complete. Execution time: 0.0ms
2026-01-11 22:22:27,767 [INFO] (Worker3) FAILURE: starting from conf_index 3 and seed 1768195480
2026-01-11 22:22:27,767 [INFO] (Worker3) Chose starting configuration success_7.dat
2026-01-11 22:22:27,769 [INFO] (Worker0) Executing shoot....
2026-01-11 22:22:27,777 [INFO] (Worker1) Executing shoot....
2026-01-11 22:22:27,779 [INFO] (Worker3) Executing shoot....
2026-01-11 22:22:27,790 [INFO] (Worker2) Shoot complete. Execution time: 0.0ms
2026-01-11 22:22:27,790 [INFO] (Worker2) FAILURE: starting from conf_index 2 and seed 1768195482
2026-01-11 22:22:27,790 [INFO] (Worker2) Chose starting configuration success_8.dat
2026-01-11 22:22:27,802 [INFO] (Worker2) Executing shoot....
2026-01-11 22:22:27,807 [INFO] (Worker0) Shoot complete. Execution time: 0.0ms
2026-01-11 22:22:27,808 [INFO] (Worker0) FAILURE: starting from conf_index 0 and seed 1768195483
2026-01-11 22:22:27,808 [INFO] (Worker0) Chose starting configuration success_10.dat
2026-01-11 22:22:27,813 [INFO] (Worker3) Shoot complete. Execution time: 0.0ms
2026-01-11 22:22:27,813 [INFO] (Worker1) Shoot complete. Execution time: 0.0ms
2026-01-11 22:22:27,813 [INFO] (Worker1) FAILURE: starting from conf_index 1 and seed 1768195484
2026-01-11 22:22:27,814 [INFO] (Worker1) Chose starting configuration success_5.dat
2026-01-11 22:22:27,814 [INFO] (Worker3) SUCCESS: starting from conf_index 6 and seed 1768195485
2026-01-11 22:22:27,814 [INFO] (Worker3) Chose starting configuration success_6.dat
2026-01-11 22:22:27,820 [INFO] (Worker0) Executing shoot....
2026-01-11 22:22:27,825 [INFO] (Worker1) Executing shoot....
2026-01-11 22:22:27,826 [INFO] (Worker3) Executing shoot....
2026-01-11 22:22:27,839 [INFO] (Worker2) Shoot complete. Execution time: 0.0ms
2026-01-11 22:22:27,840 [INFO] (Worker2) FAILURE: starting from conf_index 2 and seed 1768195486
2026-01-11 22:22:27,840 [INFO] (Worker2) Chose starting configuration success_6.dat
2026-01-11 22:22:27,851 [INFO] (Worker2) Executing shoot....
2026-01-11 22:22:27,860 [INFO] (Worker1) Shoot complete. Execution time: 0.0ms
2026-01-11 22:22:27,860 [INFO] (Worker1) FAILURE: starting from conf_index 1 and seed 1768195488
2026-01-11 22:22:27,860 [INFO] (Worker1) Chose starting configuration success_8.dat
2026-01-11 22:22:27,871 [INFO] (Worker1) Executing shoot....
2026-01-11 22:22:27,879 [INFO] (Worker0) Shoot complete. Execution time: 0.0ms
2026-01-11 22:22:27,880 [INFO] (Worker0) FAILURE: starting from conf_index 0 and seed 1768195487
2026-01-11 22:22:27,880 [INFO] (Worker0) Chose starting configuration success_6.dat
2026-01-11 22:22:27,885 [INFO] (Worker1) Shoot complete. Execution time: 0.0ms
2026-01-11 22:22:27,886 [INFO] (Worker1) FAILURE: starting from conf_index 1 and seed 1768195491
2026-01-11 22:22:27,886 [INFO] (Worker1) Chose starting configuration success_4.dat
2026-01-11 22:22:27,897 [INFO] (Worker0) Executing shoot....
2026-01-11 22:22:27,898 [INFO] (Worker1) Executing shoot....
2026-01-11 22:22:27,922 [INFO] (Worker3) Shoot complete. Execution time: 0.0ms
2026-01-11 22:22:27,922 [INFO] (Worker3) FAILURE: starting from conf_index 3 and seed 1768195489
2026-01-11 22:22:27,923 [INFO] (Worker3) Chose starting configuration success_1.dat
2026-01-11 22:22:27,944 [INFO] (Worker3) Executing shoot....
2026-01-11 22:22:27,991 [INFO] (Worker3) Shoot complete. Execution time: 0.0ms
2026-01-11 22:22:27,991 [INFO] (Worker3) FAILURE: starting from conf_index 3 and seed 1768195494
2026-01-11 22:22:27,991 [INFO] (Worker3) Chose starting configuration success_3.dat
2026-01-11 22:22:27,998 [INFO] (Worker0) Shoot complete. Execution time: 0.0ms
2026-01-11 22:22:27,999 [INFO] (Worker0) SUCCESS: starting from conf_index 5 and seed 1768195492
2026-01-11 22:22:27,999 [INFO] (Worker0) Reached desired success count 12. Worker 0 returning
2026-01-11 22:22:28,000 [INFO] (Worker0) [Worker 0] Alive threads at exit: ['MainThread', 'pydevd.Writer', 'pydevd.Reader', 'pydevd.CommandThread', 'pydevd.CheckAliveThread', 'QueueFeederThread', 'QueueFeederThread']
2026-01-11 22:22:28,006 [INFO] (Worker1) Shoot complete. Execution time: 0.0ms
2026-01-11 22:22:28,007 [INFO] (Worker1) FAILURE: starting from conf_index 1 and seed 1768195493
2026-01-11 22:22:28,007 [INFO] (Worker1) Reached desired success count 12. Worker 1 returning
2026-01-11 22:22:28,007 [INFO] (Worker1) [Worker 1] Alive threads at exit: ['MainThread', 'pydevd.Writer', 'pydevd.Reader', 'pydevd.CommandThread', 'pydevd.CheckAliveThread', 'QueueFeederThread', 'QueueFeederThread']
2026-01-11 22:22:28,007 [INFO] (Worker3) Executing shoot....
2026-01-11 22:22:28,029 [INFO] (Worker3) Shoot complete. Execution time: 0.0ms
2026-01-11 22:22:28,029 [INFO] (Worker3) FAILURE: starting from conf_index 3 and seed 1768195495
2026-01-11 22:22:28,029 [INFO] (Worker3) Reached desired success count 12. Worker 3 returning
2026-01-11 22:22:28,030 [INFO] (Worker3) [Worker 3] Alive threads at exit: ['MainThread', 'pydevd.Writer', 'pydevd.Reader', 'pydevd.CommandThread', 'pydevd.CheckAliveThread', 'QueueFeederThread', 'QueueFeederThread']
2026-01-11 22:22:28,037 [INFO] (Worker2) Shoot complete. Execution time: 0.0ms
2026-01-11 22:22:28,038 [INFO] (Worker2) FAILURE: starting from conf_index 2 and seed 1768195490
2026-01-11 22:22:28,038 [INFO] (Worker2) Reached desired success count 12. Worker 2 returning
2026-01-11 22:22:28,038 [INFO] (Worker2) [Worker 2] Alive threads at exit: ['MainThread', 'pydevd.Writer', 'pydevd.Reader', 'pydevd.CommandThread', 'pydevd.CheckAliveThread', 'QueueFeederThread', 'QueueFeederThread']
2026-01-11 22:22:28,430 [INFO] (main) Terminating timer
2026-01-11 22:22:28,432 [INFO] (main) ## log of successes probabilities from each starting conf
2026-01-11 22:22:28,470 [INFO] (main) # shoot1 SUMMARY
2026-01-11 22:22:28,470 [INFO] (main) # nsuccesses: 12 nattempts: 161 success_prob: 0.07453416149068323 undetermined: 0
2026-02-04 19:15:02,570 [INFO] (main) Starting shoot1 procedure
2026-02-04 19:15:02,578 [INFO] (main) We already have enough successes! moving on
